Archive member included to satisfy reference by file (symbol)

C:/ST/STM32CubeIDE_1.19.0/STM32CubeIDE/plugins/com.st.stm32cube.ide.mcu.externaltools.gnu-tools-for-stm32.13.3.rel1.win32_1.0.0.202411081344/tools/bin/../lib/gcc/arm-none-eabi/13.3.1/../../../../arm-none-eabi/lib/thumb/v7e-m+fp/hard\libc_nano.a(libc_a-exit.o)
                              C:/ST/STM32CubeIDE_1.19.0/STM32CubeIDE/plugins/com.st.stm32cube.ide.mcu.externaltools.gnu-tools-for-stm32.13.3.rel1.win32_1.0.0.202411081344/tools/bin/../lib/gcc/arm-none-eabi/13.3.1/../../../../arm-none-eabi/lib/thumb/v7e-m+fp/hard/crt0.o (exit)
C:/ST/STM32CubeIDE_1.19.0/STM32CubeIDE/plugins/com.st.stm32cube.ide.mcu.externaltools.gnu-tools-for-stm32.13.3.rel1.win32_1.0.0.202411081344/tools/bin/../lib/gcc/arm-none-eabi/13.3.1/../../../../arm-none-eabi/lib/thumb/v7e-m+fp/hard\libc_nano.a(libc_a-findfp.o)
                              C:/ST/STM32CubeIDE_1.19.0/STM32CubeIDE/plugins/com.st.stm32cube.ide.mcu.externaltools.gnu-tools-for-stm32.13.3.rel1.win32_1.0.0.202411081344/tools/bin/../lib/gcc/arm-none-eabi/13.3.1/../../../../arm-none-eabi/lib/thumb/v7e-m+fp/hard\libc_nano.a(libc_a-exit.o) (__stdio_exit_handler)
C:/ST/STM32CubeIDE_1.19.0/STM32CubeIDE/plugins/com.st.stm32cube.ide.mcu.externaltools.gnu-tools-for-stm32.13.3.rel1.win32_1.0.0.202411081344/tools/bin/../lib/gcc/arm-none-eabi/13.3.1/../../../../arm-none-eabi/lib/thumb/v7e-m+fp/hard\libc_nano.a(libc_a-fwalk.o)
                              C:/ST/STM32CubeIDE_1.19.0/STM32CubeIDE/plugins/com.st.stm32cube.ide.mcu.externaltools.gnu-tools-for-stm32.13.3.rel1.win32_1.0.0.202411081344/tools/bin/../lib/gcc/arm-none-eabi/13.3.1/../../../../arm-none-eabi/lib/thumb/v7e-m+fp/hard\libc_nano.a(libc_a-findfp.o) (_fwalk_sglue)
C:/ST/STM32CubeIDE_1.19.0/STM32CubeIDE/plugins/com.st.stm32cube.ide.mcu.externaltools.gnu-tools-for-stm32.13.3.rel1.win32_1.0.0.202411081344/tools/bin/../lib/gcc/arm-none-eabi/13.3.1/../../../../arm-none-eabi/lib/thumb/v7e-m+fp/hard\libc_nano.a(libc_a-stdio.o)
                              C:/ST/STM32CubeIDE_1.19.0/STM32CubeIDE/plugins/com.st.stm32cube.ide.mcu.externaltools.gnu-tools-for-stm32.13.3.rel1.win32_1.0.0.202411081344/tools/bin/../lib/gcc/arm-none-eabi/13.3.1/../../../../arm-none-eabi/lib/thumb/v7e-m+fp/hard\libc_nano.a(libc_a-findfp.o) (__sread)
C:/ST/STM32CubeIDE_1.19.0/STM32CubeIDE/plugins/com.st.stm32cube.ide.mcu.externaltools.gnu-tools-for-stm32.13.3.rel1.win32_1.0.0.202411081344/tools/bin/../lib/gcc/arm-none-eabi/13.3.1/../../../../arm-none-eabi/lib/thumb/v7e-m+fp/hard\libc_nano.a(libc_a-memset.o)
                              C:/ST/STM32CubeIDE_1.19.0/STM32CubeIDE/plugins/com.st.stm32cube.ide.mcu.externaltools.gnu-tools-for-stm32.13.3.rel1.win32_1.0.0.202411081344/tools/bin/../lib/gcc/arm-none-eabi/13.3.1/../../../../arm-none-eabi/lib/thumb/v7e-m+fp/hard/crt0.o (memset)
C:/ST/STM32CubeIDE_1.19.0/STM32CubeIDE/plugins/com.st.stm32cube.ide.mcu.externaltools.gnu-tools-for-stm32.13.3.rel1.win32_1.0.0.202411081344/tools/bin/../lib/gcc/arm-none-eabi/13.3.1/../../../../arm-none-eabi/lib/thumb/v7e-m+fp/hard\libc_nano.a(libc_a-closer.o)
                              C:/ST/STM32CubeIDE_1.19.0/STM32CubeIDE/plugins/com.st.stm32cube.ide.mcu.externaltools.gnu-tools-for-stm32.13.3.rel1.win32_1.0.0.202411081344/tools/bin/../lib/gcc/arm-none-eabi/13.3.1/../../../../arm-none-eabi/lib/thumb/v7e-m+fp/hard\libc_nano.a(libc_a-stdio.o) (_close_r)
C:/ST/STM32CubeIDE_1.19.0/STM32CubeIDE/plugins/com.st.stm32cube.ide.mcu.externaltools.gnu-tools-for-stm32.13.3.rel1.win32_1.0.0.202411081344/tools/bin/../lib/gcc/arm-none-eabi/13.3.1/../../../../arm-none-eabi/lib/thumb/v7e-m+fp/hard\libc_nano.a(libc_a-reent.o)
                              C:/ST/STM32CubeIDE_1.19.0/STM32CubeIDE/plugins/com.st.stm32cube.ide.mcu.externaltools.gnu-tools-for-stm32.13.3.rel1.win32_1.0.0.202411081344/tools/bin/../lib/gcc/arm-none-eabi/13.3.1/../../../../arm-none-eabi/lib/thumb/v7e-m+fp/hard\libc_nano.a(libc_a-closer.o) (errno)
C:/ST/STM32CubeIDE_1.19.0/STM32CubeIDE/plugins/com.st.stm32cube.ide.mcu.externaltools.gnu-tools-for-stm32.13.3.rel1.win32_1.0.0.202411081344/tools/bin/../lib/gcc/arm-none-eabi/13.3.1/../../../../arm-none-eabi/lib/thumb/v7e-m+fp/hard\libc_nano.a(libc_a-impure.o)
                              C:/ST/STM32CubeIDE_1.19.0/STM32CubeIDE/plugins/com.st.stm32cube.ide.mcu.externaltools.gnu-tools-for-stm32.13.3.rel1.win32_1.0.0.202411081344/tools/bin/../lib/gcc/arm-none-eabi/13.3.1/../../../../arm-none-eabi/lib/thumb/v7e-m+fp/hard\libc_nano.a(libc_a-reent.o) (_impure_ptr)
C:/ST/STM32CubeIDE_1.19.0/STM32CubeIDE/plugins/com.st.stm32cube.ide.mcu.externaltools.gnu-tools-for-stm32.13.3.rel1.win32_1.0.0.202411081344/tools/bin/../lib/gcc/arm-none-eabi/13.3.1/../../../../arm-none-eabi/lib/thumb/v7e-m+fp/hard\libc_nano.a(libc_a-lseekr.o)
[...]
Memory Configuration

Name             Origin             Length             Attributes
RAM              0x20000000         0x00020000         xrw
FLASH            0x08000000         0x00080000         xr
*default*        0x00000000         0xffffffff

Linker script and memory map

LOAD C:/ST/STM32CubeIDE_1.19.0/STM32CubeIDE/plugins/com.st.stm32cube.ide.mcu.externaltools.gnu-tools-for-stm32.13.3.rel1.win32_1.0.0.202411081344/tools/bin/../lib/gcc/arm-none-eabi/13.3.1/thumb/v7e-m+fp/hard/crti.o
LOAD C:/ST/STM32CubeIDE_1.19.0/STM32CubeIDE/plugins/com.st.stm32cube.ide.mcu.externaltools.gnu-tools-for-stm32.13.3.rel1.win32_1.0.0.202411081344/tools/bin/../lib/gcc/arm-none-eabi/13.3.1/thumb/v7e-m+fp/hard/crtbegin.o
LOAD C:/ST/STM32CubeIDE_1.19.0/STM32CubeIDE/plugins/com.st.stm32cube.ide.mcu.externaltools.gnu-tools-for-stm32.13.3.rel1.win32_1.0.0.202411081344/tools/bin/../lib/gcc/arm-none-eabi/13.3.1/../../../../arm-none-eabi/lib/thumb/v7e-m+fp/hard/crt0.o
LOAD ./Core/Src/MAX31855.o
LOAD ./Core/Src/hx711.o
LOAD ./Core/Src/main.o
LOAD ./Core/Src/pressure.o
LOAD ./Core/Src/stm32f4xx_hal_msp.o
LOAD ./Core/Src/stm32f4xx_it.o
LOAD ./Core/Src/syscalls.o
LOAD ./Core/Src/sysmem.o
LOAD ./Core/Src/system_stm32f4xx.o
LOAD ./Core/Startup/startup_stm32f411retx.o
LOAD ./Drivers/STM32F4xx_HAL_Driver/Src/stm32f4xx_hal.o
LOAD ./Drivers/STM32F4xx_HAL_Driver/Src/stm32f4xx_hal_adc.o
LOAD ./Drivers/STM32F4xx_HAL_Driver/Src/stm32f4xx_hal_adc_ex.o
LOAD ./Drivers/STM32F4xx_HAL_Driver/Src/stm32f4xx_hal_cortex.o
LOAD ./Drivers/STM32F4xx_HAL_Driver/Src/stm32f4xx_hal_crc.o
LOAD ./Drivers/STM32F4xx_HAL_Driver/Src/stm32f4xx_hal_dma.o
LOAD ./Drivers/STM32F4xx_HAL_Driver/Src/stm32f4xx_hal_dma_ex.o
LOAD ./Drivers/STM32F4xx_HAL_Driver/Src/stm32f4xx_hal_exti.o
LOAD ./Drivers/STM32F4xx_HAL_Driver/Src/stm32f4xx_hal_flash.o
LOAD ./Drivers/STM32F4xx_HAL_Driver/Src/stm32f4xx_hal_flash_ex.o
LOAD ./Drivers/STM32F4xx_HAL_Driver/Src/stm32f4xx_hal_flash_ramfunc.o
LOAD ./Drivers/STM32F4xx_HAL_Driver/Src/stm32f4xx_hal_gpio.o
LOAD ./Drivers/STM32F4xx_HAL_Driver/Src/stm32f4xx_hal_pcd.o
LOAD ./Drivers/STM32F4xx_HAL_Driver/Src/stm32f4xx_hal_pcd_ex.o
LOAD ./Drivers/STM32F4xx_HAL_Driver/Src/stm32f4xx_hal_pwr.o
LOAD ./Drivers/STM32F4xx_HAL_Driver/Src/stm32f4xx_hal_pwr_ex.o
LOAD ./Drivers/STM32F4xx_HAL_Driver/Src/stm32f4xx_hal_rcc.o
LOAD ./Drivers/STM32F4xx_HAL_Driver/Src/stm32f4xx_hal_rcc_ex.o
LOAD ./Drivers/STM32F4xx_HAL_Driver/Src/stm32f4xx_hal_spi.o
LOAD ./Drivers/STM32F4xx_HAL_Driver/Src/stm32f4xx_hal_uart.o
LOAD ./Drivers/STM32F4xx_HAL_Driver/Src/stm32f4xx_ll_adc.o
LOAD ./Drivers/STM32F4xx_HAL_Driver/Src/stm32f4xx_ll_usb.o
LOAD ./FATFS/App/fatfs.o
LOAD ./FATFS/Target/user_diskio.o
LOAD ./FATFS/Target/user_diskio_spi.o
LOAD ./Middlewares/Third_Party/FatFs/src/diskio.o
LOAD ./Middlewares/Third_Party/FatFs/src/ff.o
LOAD ./Middlewares/Third_Party/FatFs/src/ff_gen_drv.o
LOAD ./Middlewares/Third_Party/FatFs/src/option/syscall.o
START GROUP
LOAD C:/ST/STM32CubeIDE_1.19.0/STM32CubeIDE/plugins/com.st.stm32cube.ide.mcu.externaltools.gnu-tools-for-stm32.13.3.rel1.win32_1.0.0.202411081344/tools/bin/../lib/gcc/arm-none-eabi/13.3.1/../../../../arm-none-eabi/lib/thumb/v7e-m+fp/hard\libc_nano.a
LOAD C:/ST/STM32CubeIDE_1.19.0/STM32CubeIDE/plugins/com.st.stm32cube.ide.mcu.externaltools.gnu-tools-for-stm32.13.3.rel1.win32_1.0.0.202411081344/tools/bin/../lib/gcc/arm-none-eabi/13.3.1/../../../../arm-none-eabi/lib/thumb/v7e-m+fp/hard\libm.a
END GROUP
START GROUP
LOAD C:/ST/STM32CubeIDE_1.19.0/STM32CubeIDE/plugins/com.st.stm32cube.ide.mcu.externaltools.gnu-tools-for-stm32.13.3.rel1.win32_1.0.0.202411081344/tools/bin/../lib/gcc/arm-none-eabi/13.3.1/thumb/v7e-m+fp/hard\libgcc.a
LOAD C:/ST/STM32CubeIDE_1.19.0/STM32CubeIDE/plugins/com.st.stm32cube.ide.mcu.externaltools.gnu-tools-for-stm32.13.3.rel1.win32_1.0.0.202411081344/tools/bin/../lib/gcc/arm-none-eabi/13.3.1/../../../../arm-none-eabi/lib/thumb/v7e-m+fp/hard\libc_nano.a
END GROUP
START GROUP
LOAD C:/ST/STM32CubeIDE_1.19.0/STM32CubeIDE/plugins/com.st.stm32cube.ide.mcu.externaltools.gnu-tools-for-stm32.13.3.rel1.win32_1.0.0.202411081344/tools/bin/../lib/gcc/arm-none-eabi/13.3.1/thumb/v7e-m+fp/hard\libgcc.a
LOAD C:/ST/STM32CubeIDE_1.19.0/STM32CubeIDE/plugins/com.st.stm32cube.ide.mcu.externaltools.gnu-tools-for-stm32.13.3.rel1.win32_1.0.0.202411081344/tools/bin/../lib/gcc/arm-none-eabi/13.3.1/../../../../arm-none-eabi/lib/thumb/v7e-m+fp/hard\libc_nano.a
LOAD C:/ST/STM32CubeIDE_1.19.0/STM32CubeIDE/plugins/com.st.stm32cube.ide.mcu.externaltools.gnu-tools-for-stm32.13.3.rel1.win32_1.0.0.202411081344/tools/bin/../lib/gcc/arm-none-eabi/13.3.1/../../../../arm-none-eabi/lib/thumb/v7e-m+fp/hard\libnosys.a
END GROUP
START GROUP
LOAD C:/ST/STM32CubeIDE_1.19.0/STM32CubeIDE/plugins/com.st.stm32cube.ide.mcu.externaltools.gnu-tools-for-stm32.13.3.rel1.win32_1.0.0.202411081344/tools/bin/../lib/gcc/arm-none-eabi/13.3.1/thumb/v7e-m+fp/hard\libgcc.a
LOAD C:/ST/STM32CubeIDE_1.19.0/STM32CubeIDE/plugins/com.st.stm32cube.ide.mcu.externaltools.gnu-tools-for-stm32.13.3.rel1.win32_1.0.0.202411081344/tools/bin/../lib/gcc/arm-none-eabi/13.3.1/../../../../arm-none-eabi/lib/thumb/v7e-m+fp/hard\libc_nano.a
LOAD C:/ST/STM32CubeIDE_1.19.0/STM32CubeIDE/plugins/com.st.stm32cube.ide.mcu.externaltools.gnu-tools-for-stm32.13.3.rel1.win32_1.0.0.202411081344/tools/bin/../lib/gcc/arm-none-eabi/13.3.1/../../../../arm-none-eabi/lib/thumb/v7e-m+fp/hard\libnosys.a
END GROUP
LOAD C:/ST/STM32CubeIDE_1.19.0/STM32CubeIDE/plugins/com.st.stm32cube.ide.mcu.externaltools.gnu-tools-for-stm32.13.3.rel1.win32_1.0.0.202411081344/tools/bin/../lib/gcc/arm-none-eabi/13.3.1/thumb/v7e-m+fp/hard/crtend.o
LOAD C:/ST/STM32CubeIDE_1.19.0/STM32CubeIDE/plugins/com.st.stm32cube.ide.mcu.externaltools.gnu-tools-for-stm32.13.3.rel1.win32_1.0.0.202411081344/tools/bin/../lib/gcc/arm-none-eabi/13.3.1/thumb/v7e-m+fp/hard/crtn.o
                0x20020000                        _estack = (ORIGIN (RAM) + LENGTH (RAM))
                0x00002000                        _Min_Heap_Size = 0x2000
                0x00002000                        _Min_Stack_Size = 0x2000

.isr_vector     0x08000000      0x198
                0x08000000                        . = ALIGN (0x4)
 *(.isr_vector)
 .isr_vector    0x08000000      0x198 ./Core/Startup/startup_stm32f411retx.o
                0x08000000                g_pfnVectors
                0x08000198                        . = ALIGN (0x4)

.text           0x08000198     0x5e38
                0x08000198                        . = ALIGN (0x4)
 *(.text)
 .text          0x08000198       0x40 C:/ST/STM32CubeIDE_1.19.0/STM32CubeIDE/plugins/com.st.stm32cube.ide.mcu.externaltools.gnu-tools-for-stm32.13.3.rel1.win32_1.0.0.202411081344/tools/bin/../lib/gcc/arm-none-eabi/13.3.1/thumb/v7e-m+fp/hard/crtbegin.o
 .text          0x080001d8      0x254 C:/ST/STM32CubeIDE_1.19.0/STM32CubeIDE/plugins/com.st.stm32cube.ide.mcu.externaltools.gnu-tools-for-stm32.13.3.rel1.win32_1.0.0.202411081344/tools/bin/../lib/gcc/arm-none-eabi/13.3.1/thumb/v7e-m+fp/hard\libgcc.a(_arm_muldf3.o)
                0x080001d8                __muldf3
                0x080001d8                __aeabi_dmul
 .text          0x0800042c      0x378 C:/ST/STM32CubeIDE_1.19.0/STM32CubeIDE/plugins/com.st.stm32cube.ide.mcu.externaltools.gnu-tools-for-stm32.13.3.rel1.win32_1.0.0.202411081344/tools/bin/../lib/gcc/arm-none-eabi/13.3.1/thumb/v7e-m+fp/hard\libgcc.a(_arm_addsubdf3.o)
                0x0800042c                __aeabi_drsub
                0x08000434                __aeabi_dsub
                0x08000434                __subdf3
                0x08000438                __aeabi_dadd
                0x08000438                __adddf3
                0x080006b0                __floatunsidf
                0x080006b0                __aeabi_ui2d
                0x080006d0                __floatsidf
                0x080006d0                __aeabi_i2d
                0x080006f4                __aeabi_f2d
                0x080006f4                __extendsfdf2
                0x08000738                __floatundidf
                0x08000738                __aeabi_ul2d
                0x08000748                __floatdidf
                0x08000748                __aeabi_l2d
 .text          0x080007a4       0xa0 C:/ST/STM32CubeIDE_1.19.0/STM32CubeIDE/plugins/com.st.stm32cube.ide.mcu.externaltools.gnu-tools-for-stm32.13.3.rel1.win32_1.0.0.202411081344/tools/bin/../lib/gcc/arm-none-eabi/13.3.1/thumb/v7e-m+fp/hard\libgcc.a(_arm_truncdfsf2.o)
                0x080007a4                __truncdfsf2
                0x080007a4                __aeabi_d2f
 .text          0x08000844       0xa0 C:/ST/STM32CubeIDE_1.19.0/STM32CubeIDE/plugins/com.st.stm32cube.ide.mcu.externaltools.gnu-tools-for-stm32.13.3.rel1.win32_1.0.0.202411081344/tools/bin/../lib/gcc/arm-none-eabi/13.3.1/thumb/v7e-m+fp/hard\libgcc.a(_aeabi_ldivmod.o)
                0x08000844                __aeabi_ldivmod
 .text          0x080008e4       0x30 C:/ST/STM32CubeIDE_1.19.0/STM32CubeIDE/plugins/com.st.stm32cube.ide.mcu.externaltools.gnu-tools-for-stm32.13.3.rel1.win32_1.0.0.202411081344/tools/bin/../lib/gcc/arm-none-eabi/13.3.1/thumb/v7e-m+fp/hard\libgcc.a(_aeabi_uldivmod.o)
                0x080008e4                __aeabi_uldivmod
 .text          0x08000914      0x2f8 C:/ST/STM32CubeIDE_1.19.0/STM32CubeIDE/plugins/com.st.stm32cube.ide.mcu.externaltools.gnu-tools-for-stm32.13.3.rel1.win32_1.0.0.202411081344/tools/bin/../lib/gcc/arm-none-eabi/13.3.1/thumb/v7e-m+fp/hard\libgcc.a(_udivmoddi4.o)
                0x08000914                __udivmoddi4
 .text          0x08000c0c        0x4 C:/ST/STM32CubeIDE_1.19.0/STM32CubeIDE/plugins/com.st.stm32cube.ide.mcu.externaltools.gnu-tools-for-stm32.13.3.rel1.win32_1.0.0.202411081344/tools/bin/../lib/gcc/arm-none-eabi/13.3.1/thumb/v7e-m+fp/hard\libgcc.a(_dvmd_tls.o)
                0x08000c0c                __aeabi_idiv0
                0x08000c0c                __aeabi_ldiv0
 *(.text*)
 .text.MAX31855_Init
                0x08000c10       0x30 ./Core/Src/MAX31855.o
                0x08000c10                MAX31855_Init
 .text.MAX31855_GetFault
                0x08000c40       0x3a ./Core/Src/MAX31855.o
                0x08000c40                MAX31855_GetFault
 *fill*         0x08000c7a        0x2 
 .text.MAX31855_GetTemperature
                0x08000c7c       0x3c ./Core/Src/MAX31855.o
                0x08000c7c                MAX31855_GetTemperature
 .text.MAX31855_ReadData
                0x08000cb8      0x13a ./Core/Src/MAX31855.o
                0x08000cb8                MAX31855_ReadData
 .text.MAX31855_SetNSSState
                0x08000df2       0x24 ./Core/Src/MAX31855.o
                0x08000df2                MAX31855_SetNSSState
 .text.hx711_delay_us
                0x08000e16       0x2e ./Core/Src/hx711.o
                0x08000e16                hx711_delay_us
 .text.hx711_lock
                0x08000e44       0x26 ./Core/Src/hx711.o
                0x08000e44                hx711_lock
 .text.hx711_unlock
                0x08000e6a       0x1a ./Core/Src/hx711.o
                0x08000e6a                hx711_unlock
 .text.hx711_init
                0x08000e84       0xbc ./Core/Src/hx711.o
                0x08000e84                hx711_init
 .text.hx711_value
                0x08000f40       0xe0 ./Core/Src/hx711.o
                0x08000f40                hx711_value
 .text.hx711_tare
                0x08001020       0x84 ./Core/Src/hx711.o
                0x08001020                hx711_tare
 .text.hx711_weight
                0x080010a4       0xaa ./Core/Src/hx711.o
                0x080010a4                hx711_weight
 .text.hx711_coef_set
                0x0800114e       0x1e ./Core/Src/hx711.o
                0x0800114e                hx711_coef_set
 .text.main     0x0800116c      0x2b0 ./Core/Src/main.o
                0x0800116c                main
 .text.SystemClock_Config
                0x0800141c       0xd0 ./Core/Src/main.o
                0x0800141c                SystemClock_Config
 .text.MX_ADC1_Init
                0x080014ec       0xa4 ./Core/Src/main.o
 .text.MX_CRC_Init
                0x08001590       0x28 ./Core/Src/main.o
 .text.MX_SPI2_Init
                0x080015b8       0x6c ./Core/Src/main.o
 .text.MX_SPI3_Init
                0x08001624       0x6c ./Core/Src/main.o
 .text.MX_USART1_UART_Init
                0x08001690       0x54 ./Core/Src/main.o
 .text.MX_USB_OTG_FS_PCD_Init
                0x080016e4       0x5c ./Core/Src/main.o
 .text.MX_GPIO_Init
                0x08001740      0x1ac ./Core/Src/main.o
 .text.calculate_checksum
                0x080018ec       0x98 ./Core/Src/main.o
                0x080018ec                calculate_checksum
 .text.Error_Handler
                0x08001984        0xc ./Core/Src/main.o
                0x08001984                Error_Handler
 .text.PT_Init  0x08001990       0x20 ./Core/Src/pressure.o
                0x08001990                PT_Init
 .text.PT_ScanAll
                0x080019b0       0xb0 ./Core/Src/pressure.o
                0x080019b0                PT_ScanAll
 .text.PT_GetPressure
                0x08001a60       0x3c ./Core/Src/pressure.o
                0x08001a60                PT_GetPressure
 .text.PT_SetMux
                0x08001a9c      0x11c ./Core/Src/pressure.o
 .text.PT_SettleDelay
                0x08001bb8       0x2a ./Core/Src/pressure.o
 *fill*         0x08001be2        0x2 
 .text.PT_ReadADC
                0x08001be4       0x44 ./Core/Src/pressure.o
 .text.HAL_MspInit
                0x08001c28       0x58 ./Core/Src/stm32f4xx_hal_msp.o
                0x08001c28                HAL_MspInit
 .text.HAL_ADC_MspInit
                0x08001c80       0x88 ./Core/Src/stm32f4xx_hal_msp.o
                0x08001c80                HAL_ADC_MspInit
 .text.HAL_CRC_MspInit
                0x08001d08       0x44 ./Core/Src/stm32f4xx_hal_msp.o
                0x08001d08                HAL_CRC_MspInit
 .text.HAL_SPI_MspInit
                0x08001d4c      0x13c ./Core/Src/stm32f4xx_hal_msp.o
                0x08001d4c                HAL_SPI_MspInit
 .text.HAL_UART_MspInit
                0x08001e88       0x90 ./Core/Src/stm32f4xx_hal_msp.o
                0x08001e88                HAL_UART_MspInit
 .text.HAL_PCD_MspInit
                0x08001f18       0x98 ./Core/Src/stm32f4xx_hal_msp.o
                0x08001f18                HAL_PCD_MspInit
 .text.NMI_Handler
                0x08001fb0        0x8 ./Core/Src/stm32f4xx_it.o
                0x08001fb0                NMI_Handler
 .text.HardFault_Handler
                0x08001fb8        0x8 ./Core/Src/stm32f4xx_it.o
                0x08001fb8                HardFault_Handler
 .text.MemManage_Handler
                0x08001fc0        0x8 ./Core/Src/stm32f4xx_it.o
                0x08001fc0                MemManage_Handler
 .text.BusFault_Handler
                0x08001fc8        0x8 ./Core/Src/stm32f4xx_it.o
                0x08001fc8                BusFault_Handler
 .text.UsageFault_Handler
                0x08001fd0        0x8 ./Core/Src/stm32f4xx_it.o
                0x08001fd0                UsageFault_Handler
 .text.SVC_Handler
                0x08001fd8        0xe ./Core/Src/stm32f4xx_it.o
                0x08001fd8                SVC_Handler
 .text.DebugMon_Handler
                0x08001fe6        0xe ./Core/Src/stm32f4xx_it.o
                0x08001fe6                DebugMon_Handler
 .text.PendSV_Handler
                0x08001ff4        0xe ./Core/Src/stm32f4xx_it.o
                0x08001ff4                PendSV_Handler
 .text.SysTick_Handler
                0x08002002        0xc ./Core/Src/stm32f4xx_it.o
                0x08002002                SysTick_Handler
 *fill*         0x0800200e        0x2 
 .text.SystemInit
                0x08002010       0x2c ./Core/Src/system_stm32f4xx.o
                0x08002010                SystemInit
 .text.Reset_Handler
                0x0800203c       0x50 ./Core/Startup/startup_stm32f411retx.o
                0x0800203c                Reset_Handler
 .text.Default_Handler
                0x0800208c        0x2 ./Core/Startup/startup_stm32f411retx.o
                0x0800208c                RTC_Alarm_IRQHandler
                0x0800208c                EXTI2_IRQHandler
                0x0800208c                SPI4_IRQHandler
                0x0800208c                TIM1_CC_IRQHandler
                0x0800208c                DMA2_Stream5_IRQHandler
                0x0800208c                DMA1_Stream5_IRQHandler
                0x0800208c                PVD_IRQHandler
                0x0800208c                SDIO_IRQHandler
                0x0800208c                TAMP_STAMP_IRQHandler
                0x0800208c                EXTI3_IRQHandler
                0x0800208c                TIM1_UP_TIM10_IRQHandler
                0x0800208c                I2C3_ER_IRQHandler
                0x0800208c                EXTI0_IRQHandler
                0x0800208c                I2C2_EV_IRQHandler
                0x0800208c                DMA1_Stream2_IRQHandler
                0x0800208c                FPU_IRQHandler
                0x0800208c                DMA2_Stream2_IRQHandler
                0x0800208c                SPI1_IRQHandler
                0x0800208c                TIM1_BRK_TIM9_IRQHandler
                0x0800208c                DMA2_Stream3_IRQHandler
                0x0800208c                USART6_IRQHandler
                0x0800208c                DMA2_Stream0_IRQHandler
                0x0800208c                TIM4_IRQHandler
                0x0800208c                I2C1_EV_IRQHandler
                0x0800208c                DMA1_Stream6_IRQHandler
                0x0800208c                DMA1_Stream1_IRQHandler
                0x0800208c                TIM3_IRQHandler
                0x0800208c                RCC_IRQHandler
                0x0800208c                Default_Handler
                0x0800208c                EXTI15_10_IRQHandler
                0x0800208c                ADC_IRQHandler
                0x0800208c                DMA1_Stream7_IRQHandler
                0x0800208c                SPI5_IRQHandler
                0x0800208c                TIM5_IRQHandler
                0x0800208c                DMA2_Stream7_IRQHandler
                0x0800208c                I2C3_EV_IRQHandler
                0x0800208c                EXTI9_5_IRQHandler
                0x0800208c                RTC_WKUP_IRQHandler
                0x0800208c                SPI2_IRQHandler
                0x0800208c                DMA1_Stream0_IRQHandler
                0x0800208c                EXTI4_IRQHandler
                0x0800208c                WWDG_IRQHandler
                0x0800208c                TIM2_IRQHandler
                0x0800208c                OTG_FS_WKUP_IRQHandler
                0x0800208c                TIM1_TRG_COM_TIM11_IRQHandler
                0x0800208c                EXTI1_IRQHandler
                0x0800208c                USART2_IRQHandler
                0x0800208c                I2C2_ER_IRQHandler
                0x0800208c                DMA2_Stream1_IRQHandler
                0x0800208c                FLASH_IRQHandler
                0x0800208c                DMA2_Stream4_IRQHandler
                0x0800208c                USART1_IRQHandler
                0x0800208c                OTG_FS_IRQHandler
                0x0800208c                SPI3_IRQHandler
                0x0800208c                DMA1_Stream4_IRQHandler
                0x0800208c                I2C1_ER_IRQHandler
                0x0800208c                DMA2_Stream6_IRQHandler
                0x0800208c                DMA1_Stream3_IRQHandler
 *fill*         0x0800208e        0x2 
 .text.HAL_Init
                0x08002090       0x44 ./Drivers/STM32F4xx_HAL_Driver/Src/stm32f4xx_hal.o
                0x08002090                HAL_Init
 .text.HAL_InitTick
                0x080020d4       0x60 ./Drivers/STM32F4xx_HAL_Driver/Src/stm32f4xx_hal.o
                0x080020d4                HAL_InitTick
 .text.HAL_IncTick
                0x08002134       0x28 ./Drivers/STM32F4xx_HAL_Driver/Src/stm32f4xx_hal.o
                0x08002134                HAL_IncTick
 .text.HAL_GetTick
                0x0800215c       0x18 ./Drivers/STM32F4xx_HAL_Driver/Src/stm32f4xx_hal.o
                0x0800215c                HAL_GetTick
 .text.HAL_Delay
                0x08002174       0x48 ./Drivers/STM32F4xx_HAL_Driver/Src/stm32f4xx_hal.o
                0x08002174                HAL_Delay
 .text.HAL_ADC_Init
                0x080021bc       0x86 ./Drivers/STM32F4xx_HAL_Driver/Src/stm32f4xx_hal_adc.o
                0x080021bc                HAL_ADC_Init
 *fill*         0x08002242        0x2 
 .text.HAL_ADC_Start
                0x08002244      0x168 ./Drivers/STM32F4xx_HAL_Driver/Src/stm32f4xx_hal_adc.o
                0x08002244                HAL_ADC_Start
 .text.HAL_ADC_Stop
                0x080023ac       0x66 ./Drivers/STM32F4xx_HAL_Driver/Src/stm32f4xx_hal_adc.o
                0x080023ac                HAL_ADC_Stop
 .text.HAL_ADC_PollForConversion
                0x08002412      0x116 ./Drivers/STM32F4xx_HAL_Driver/Src/stm32f4xx_hal_adc.o
                0x08002412                HAL_ADC_PollForConversion
 .text.HAL_ADC_GetValue
                0x08002528       0x1a ./Drivers/STM32F4xx_HAL_Driver/Src/stm32f4xx_hal_adc.o
                0x08002528                HAL_ADC_GetValue
 *fill*         0x08002542        0x2 
 .text.HAL_ADC_ConfigChannel
                0x08002544      0x264 ./Drivers/STM32F4xx_HAL_Driver/Src/stm32f4xx_hal_adc.o
                0x08002544                HAL_ADC_ConfigChannel
 .text.ADC_Init
                0x080027a8      0x1f8 ./Drivers/STM32F4xx_HAL_Driver/Src/stm32f4xx_hal_adc.o
 .text.__NVIC_SetPriorityGrouping
                0x080029a0       0x48 ./Drivers/STM32F4xx_HAL_Driver/Src/stm32f4xx_hal_cortex.o
 .text.__NVIC_GetPriorityGrouping
                0x080029e8       0x1c ./Drivers/STM32F4xx_HAL_Driver/Src/stm32f4xx_hal_cortex.o
 .text.__NVIC_SetPriority
                0x08002a04       0x54 ./Drivers/STM32F4xx_HAL_Driver/Src/stm32f4xx_hal_cortex.o
 .text.NVIC_EncodePriority
                0x08002a58       0x66 ./Drivers/STM32F4xx_HAL_Driver/Src/stm32f4xx_hal_cortex.o
 *fill*         0x08002abe        0x2 
 .text.SysTick_Config
                0x08002ac0       0x44 ./Drivers/STM32F4xx_HAL_Driver/Src/stm32f4xx_hal_cortex.o
 .text.HAL_NVIC_SetPriorityGrouping
                0x08002b04       0x16 ./Drivers/STM32F4xx_HAL_Driver/Src/stm32f4xx_hal_cortex.o
                0x08002b04                HAL_NVIC_SetPriorityGrouping
 .text.HAL_NVIC_SetPriority
                0x08002b1a       0x38 ./Drivers/STM32F4xx_HAL_Driver/Src/stm32f4xx_hal_cortex.o
                0x08002b1a                HAL_NVIC_SetPriority
 .text.HAL_SYSTICK_Config
                0x08002b52       0x18 ./Drivers/STM32F4xx_HAL_Driver/Src/stm32f4xx_hal_cortex.o
                0x08002b52                HAL_SYSTICK_Config
 .text.HAL_CRC_Init
                0x08002b6a       0x38 ./Drivers/STM32F4xx_HAL_Driver/Src/stm32f4xx_hal_crc.o
                0x08002b6a                HAL_CRC_Init
 .text.HAL_CRC_Calculate
                0x08002ba2       0x66 ./Drivers/STM32F4xx_HAL_Driver/Src/stm32f4xx_hal_crc.o
                0x08002ba2                HAL_CRC_Calculate
 .text.HAL_GPIO_Init
                0x08002c08      0x308 ./Drivers/STM32F4xx_HAL_Driver/Src/stm32f4xx_hal_gpio.o
                0x08002c08                HAL_GPIO_Init
 .text.HAL_GPIO_ReadPin
                0x08002f10       0x30 ./Drivers/STM32F4xx_HAL_Driver/Src/stm32f4xx_hal_gpio.o
                0x08002f10                HAL_GPIO_ReadPin
 .text.HAL_GPIO_WritePin
                0x08002f40       0x32 ./Drivers/STM32F4xx_HAL_Driver/Src/stm32f4xx_hal_gpio.o
                0x08002f40                HAL_GPIO_WritePin
 .text.HAL_PCD_Init
                0x08002f72      0x21e ./Drivers/STM32F4xx_HAL_Driver/Src/stm32f4xx_hal_pcd.o
                0x08002f72                HAL_PCD_Init
 .text.HAL_RCC_OscConfig
                0x08003190      0x4f0 ./Drivers/STM32F4xx_HAL_Driver/Src/stm32f4xx_hal_rcc.o
                0x08003190                HAL_RCC_OscConfig
 .text.HAL_RCC_ClockConfig
                0x08003680      0x1cc ./Drivers/STM32F4xx_HAL_Driver/Src/stm32f4xx_hal_rcc.o
                0x08003680                HAL_RCC_ClockConfig
 .text.HAL_RCC_GetSysClockFreq
                0x0800384c      0x18c ./Drivers/STM32F4xx_HAL_Driver/Src/stm32f4xx_hal_rcc.o
                0x0800384c                HAL_RCC_GetSysClockFreq
 .text.HAL_RCC_GetHCLKFreq
                0x080039d8       0x18 ./Drivers/STM32F4xx_HAL_Driver/Src/stm32f4xx_hal_rcc.o
                0x080039d8                HAL_RCC_GetHCLKFreq
 .text.HAL_RCC_GetPCLK1Freq
                0x080039f0       0x28 ./Drivers/STM32F4xx_HAL_Driver/Src/stm32f4xx_hal_rcc.o
                0x080039f0                HAL_RCC_GetPCLK1Freq
 .text.HAL_RCC_GetPCLK2Freq
                0x08003a18       0x28 ./Drivers/STM32F4xx_HAL_Driver/Src/stm32f4xx_hal_rcc.o
                0x08003a18                HAL_RCC_GetPCLK2Freq
 .text.HAL_SPI_Init
                0x08003a40      0x112 ./Drivers/STM32F4xx_HAL_Driver/Src/stm32f4xx_hal_spi.o
                0x08003a40                HAL_SPI_Init
 .text.HAL_SPI_Transmit
                0x08003b52      0x288 ./Drivers/STM32F4xx_HAL_Driver/Src/stm32f4xx_hal_spi.o
                0x08003b52                HAL_SPI_Transmit
 .text.HAL_SPI_Receive
                0x08003dda      0x232 ./Drivers/STM32F4xx_HAL_Driver/Src/stm32f4xx_hal_spi.o
                0x08003dda                HAL_SPI_Receive
 .text.HAL_SPI_TransmitReceive
                0x0800400c      0x352 ./Drivers/STM32F4xx_HAL_Driver/Src/stm32f4xx_hal_spi.o
                0x0800400c                HAL_SPI_TransmitReceive
 *fill*         0x0800435e        0x2 
 .text.SPI_WaitFlagStateUntilTimeout
                0x08004360      0x110 ./Drivers/STM32F4xx_HAL_Driver/Src/stm32f4xx_hal_spi.o
 .text.SPI_EndRxTransaction
                0x08004470       0xca ./Drivers/STM32F4xx_HAL_Driver/Src/stm32f4xx_hal_spi.o
 *fill*         0x0800453a        0x2 
 .text.SPI_EndRxTxTransaction
                0x0800453c       0xa8 ./Drivers/STM32F4xx_HAL_Driver/Src/stm32f4xx_hal_spi.o
 .text.HAL_UART_Init
                0x080045e4       0xa0 ./Drivers/STM32F4xx_HAL_Driver/Src/stm32f4xx_hal_uart.o
                0x080045e4                HAL_UART_Init
 .text.HAL_UART_Transmit
                0x08004684      0x116 ./Drivers/STM32F4xx_HAL_Driver/Src/stm32f4xx_hal_uart.o
                0x08004684                HAL_UART_Transmit
 .text.UART_WaitOnFlagUntilTimeout
                0x0800479a       0xb2 ./Drivers/STM32F4xx_HAL_Driver/Src/stm32f4xx_hal_uart.o
 .text.UART_EndRxTransfer
                0x0800484c       0xc6 ./Drivers/STM32F4xx_HAL_Driver/Src/stm32f4xx_hal_uart.o
 *fill*         0x08004912        0x2 
 .text.UART_SetConfig
                0x08004914      0x4e8 ./Drivers/STM32F4xx_HAL_Driver/Src/stm32f4xx_hal_uart.o
 .text.USB_CoreInit
                0x08004dfc       0xc8 ./Drivers/STM32F4xx_HAL_Driver/Src/stm32f4xx_ll_usb.o
                0x08004dfc                USB_CoreInit
 .text.USB_DisableGlobalInt
                0x08004ec4       0x22 ./Drivers/STM32F4xx_HAL_Driver/Src/stm32f4xx_ll_usb.o
                0x08004ec4                USB_DisableGlobalInt
 .text.USB_SetCurrentMode
                0x08004ee6       0x98 ./Drivers/STM32F4xx_HAL_Driver/Src/stm32f4xx_ll_usb.o
                0x08004ee6                USB_SetCurrentMode
 *fill*         0x08004f7e        0x2 
 .text.USB_DevInit
                0x08004f80      0x2c8 ./Drivers/STM32F4xx_HAL_Driver/Src/stm32f4xx_ll_usb.o
                0x08004f80                USB_DevInit
 .text.USB_FlushTxFifo
                0x08005248       0x64 ./Drivers/STM32F4xx_HAL_Driver/Src/stm32f4xx_ll_usb.o
                0x08005248                USB_FlushTxFifo
 .text.USB_FlushRxFifo
                0x080052ac       0x5c ./Drivers/STM32F4xx_HAL_Driver/Src/stm32f4xx_ll_usb.o
                0x080052ac                USB_FlushRxFifo
 .text.USB_SetDevSpeed
                0x08005308       0x32 ./Drivers/STM32F4xx_HAL_Driver/Src/stm32f4xx_ll_usb.o
                0x08005308                USB_SetDevSpeed
 .text.USB_DevDisconnect
                0x0800533a       0x42 ./Drivers/STM32F4xx_HAL_Driver/Src/stm32f4xx_ll_usb.o
                0x0800533a                USB_DevDisconnect
 .text.USB_GetMode
                0x0800537c       0x1c ./Drivers/STM32F4xx_HAL_Driver/Src/stm32f4xx_ll_usb.o
                0x0800537c                USB_GetMode
 .text.USB_CoreReset
                0x08005398       0x70 ./Drivers/STM32F4xx_HAL_Driver/Src/stm32f4xx_ll_usb.o
 .text.MX_FATFS_Init
                0x08005408       0x24 ./FATFS/App/fatfs.o
                0x08005408                MX_FATFS_Init
 .text.USER_initialize
                0x0800542c       0x1c ./FATFS/Target/user_diskio.o
                0x0800542c                USER_initialize
 .text.USER_status
                0x08005448       0x1c ./FATFS/Target/user_diskio.o
                0x08005448                USER_status
 .text.USER_read
                0x08005464       0x26 ./FATFS/Target/user_diskio.o
                0x08005464                USER_read
 .text.USER_write
                0x0800548a       0x26 ./FATFS/Target/user_diskio.o
                0x0800548a                USER_write
 .text.USER_ioctl
                0x080054b0       0x26 ./FATFS/Target/user_diskio.o
                0x080054b0                USER_ioctl
 *fill*         0x080054d6        0x2 
 .text.SPI_Timer_On
                0x080054d8       0x28 ./FATFS/Target/user_diskio_spi.o
                0x080054d8                SPI_Timer_On
 .text.SPI_Timer_Status
                0x08005500       0x2c ./FATFS/Target/user_diskio_spi.o
                0x08005500                SPI_Timer_Status
 .text.xchg_spi
                0x0800552c       0x2c ./FATFS/Target/user_diskio_spi.o
 .text.rcvr_spi_multi
                0x08005558       0x38 ./FATFS/Target/user_diskio_spi.o
 .text.xmit_spi_multi
                0x08005590       0x28 ./FATFS/Target/user_diskio_spi.o
 .text.wait_ready
                0x080055b8       0x46 ./FATFS/Target/user_diskio_spi.o
 *fill*         0x080055fe        0x2 
 .text.despiselect
                0x08005600       0x1c ./FATFS/Target/user_diskio_spi.o
 .text.spiselect
                0x0800561c       0x34 ./FATFS/Target/user_diskio_spi.o
 .text.rcvr_datablock
                0x08005650       0x52 ./FATFS/Target/user_diskio_spi.o
 .text.xmit_datablock
                0x080056a2       0x64 ./FATFS/Target/user_diskio_spi.o
 .text.send_cmd
                0x08005706       0xde ./FATFS/Target/user_diskio_spi.o
 .text.USER_SPI_initialize
                0x080057e4      0x1d8 ./FATFS/Target/user_diskio_spi.o
                0x080057e4                USER_SPI_initialize
 .text.USER_SPI_status
                0x080059bc       0x2c ./FATFS/Target/user_diskio_spi.o
                0x080059bc                USER_SPI_status
 .text.USER_SPI_read
                0x080059e8       0xcc ./FATFS/Target/user_diskio_spi.o
                0x080059e8                USER_SPI_read
 .text.USER_SPI_write
                0x08005ab4       0xf8 ./FATFS/Target/user_diskio_spi.o
                0x08005ab4                USER_SPI_write
 .text.USER_SPI_ioctl
                0x08005bac      0x2e0 ./FATFS/Target/user_diskio_spi.o
                0x08005bac                USER_SPI_ioctl
 .text.FATFS_LinkDriverEx
                0x08005e8c       0x98 ./Middlewares/Third_Party/FatFs/src/ff_gen_drv.o
                0x08005e8c                FATFS_LinkDriverEx
 .text.FATFS_LinkDriver
                0x08005f24       0x1e ./Middlewares/Third_Party/FatFs/src/ff_gen_drv.o
                0x08005f24                FATFS_LinkDriver
 .text.memset   0x08005f42       0x10 C:/ST/STM32CubeIDE_1.19.0/STM32CubeIDE/plugins/com.st.stm32cube.ide.mcu.externaltools.gnu-tools-for-stm32.13.3.rel1.win32_1.0.0.202411081344/tools/bin/../lib/gcc/arm-none-eabi/13.3.1/../../../../arm-none-eabi/lib/thumb/v7e-m+fp/hard\libc_nano.a(libc_a-memset.o)
                0x08005f42                memset
 *fill*         0x08005f52        0x2 
 .text.__libc_init_array
                0x08005f54       0x48 C:/ST/STM32CubeIDE_1.19.0/STM32CubeIDE/plugins/com.st.stm32cube.ide.mcu.externaltools.gnu-tools-for-stm32.13.3.rel1.win32_1.0.0.202411081344/tools/bin/../lib/gcc/arm-none-eabi/13.3.1/../../../../arm-none-eabi/lib/thumb/v7e-m+fp/hard\libc_nano.a(libc_a-init.o)
                0x08005f54                __libc_init_array
 .text.memcpy   0x08005f9c       0x1c C:/ST/STM32CubeIDE_1.19.0/STM32CubeIDE/plugins/com.st.stm32cube.ide.mcu.externaltools.gnu-tools-for-stm32.13.3.rel1.win32_1.0.0.202411081344/tools/bin/../lib/gcc/arm-none-eabi/13.3.1/../../../../arm-none-eabi/lib/thumb/v7e-m+fp/hard\libc_nano.a(libc_a-memcpy-stub.o)
                0x08005f9c                memcpy
 *(.glue_7)
 .glue_7        0x08005fb8        0x0 linker stubs
 *(.glue_7t)
 .glue_7t       0x08005fb8        0x0 linker stubs
 *(.eh_frame)
 .eh_frame      0x08005fb8        0x0 C:/ST/STM32CubeIDE_1.19.0/STM32CubeIDE/plugins/com.st.stm32cube.ide.mcu.externaltools.gnu-tools-for-stm32.13.3.rel1.win32_1.0.0.202411081344/tools/bin/../lib/gcc/arm-none-eabi/13.3.1/thumb/v7e-m+fp/hard/crtbegin.o
 *(.init)
 .init          0x08005fb8        0x4 C:/ST/STM32CubeIDE_1.19.0/STM32CubeIDE/plugins/com.st.stm32cube.ide.mcu.externaltools.gnu-tools-for-stm32.13.3.rel1.win32_1.0.0.202411081344/tools/bin/../lib/gcc/arm-none-eabi/13.3.1/thumb/v7e-m+fp/hard/crti.o
                0x08005fb8                _init
 .init          0x08005fbc        0x8 C:/ST/STM32CubeIDE_1.19.0/STM32CubeIDE/plugins/com.st.stm32cube.ide.mcu.externaltools.gnu-tools-for-stm32.13.3.rel1.win32_1.0.0.202411081344/tools/bin/../lib/gcc/arm-none-eabi/13.3.1/thumb/v7e-m+fp/hard/crtn.o
 *(.fini)
 .fini          0x08005fc4        0x4 C:/ST/STM32CubeIDE_1.19.0/STM32CubeIDE/plugins/com.st.stm32cube.ide.mcu.externaltools.gnu-tools-for-stm32.13.3.rel1.win32_1.0.0.202411081344/tools/bin/../lib/gcc/arm-none-eabi/13.3.1/thumb/v7e-m+fp/hard/crti.o
                0x08005fc4                _fini
 .fini          0x08005fc8        0x8 C:/ST/STM32CubeIDE_1.19.0/STM32CubeIDE/plugins/com.st.stm32cube.ide.mcu.externaltools.gnu-tools-for-stm32.13.3.rel1.win32_1.0.0.202411081344/tools/bin/../lib/gcc/arm-none-eabi/13.3.1/thumb/v7e-m+fp/hard/crtn.o
                0x08005fd0                        . = ALIGN (0x4)
                0x08005fd0                        _etext = .

.vfp11_veneer   0x08005fd0        0x0
 .vfp11_veneer  0x08005fd0        0x0 linker stubs

.v4_bx          0x08005fd0        0x0
 .v4_bx         0x08005fd0        0x0 linker stubs

.iplt           0x08005fd0        0x0
 .iplt          0x08005fd0        0x0 C:/ST/STM32CubeIDE_1.19.0/STM32CubeIDE/plugins/com.st.stm32cube.ide.mcu.externaltools.gnu-tools-for-stm32.13.3.rel1.win32_1.0.0.202411081344/tools/bin/../lib/gcc/arm-none-eabi/13.3.1/thumb/v7e-m+fp/hard/crtbegin.o

.rodata         0x08005fd0       0x20
                0x08005fd0                        . = ALIGN (0x4)
 *(.rodata)
 .rodata        0x08005fd0        0x6 ./Core/Src/pressure.o
 *(.rodata*)
 *fill*         0x08005fd6        0x2 
 .rodata.AHBPrescTable
                0x08005fd8       0x10 ./Core/Src/system_stm32f4xx.o
                0x08005fd8                AHBPrescTable
 .rodata.APBPrescTable
                0x08005fe8        0x8 ./Core/Src/system_stm32f4xx.o
                0x08005fe8                APBPrescTable
                0x08005ff0                        . = ALIGN (0x4)

.ARM.extab      0x08005ff0        0x0
                0x08005ff0                        . = ALIGN (0x4)
 *(.ARM.extab* .gnu.linkonce.armextab.*)
                0x08005ff0                        . = ALIGN (0x4)

.ARM            0x08005ff0        0x8
                0x08005ff0                        . = ALIGN (0x4)
                0x08005ff0                        __exidx_start = .
 *(.ARM.exidx*)
 .ARM.exidx     0x08005ff0        0x8 C:/ST/STM32CubeIDE_1.19.0/STM32CubeIDE/plugins/com.st.stm32cube.ide.mcu.externaltools.gnu-tools-for-stm32.13.3.rel1.win32_1.0.0.202411081344/tools/bin/../lib/gcc/arm-none-eabi/13.3.1/thumb/v7e-m+fp/hard\libgcc.a(_udivmoddi4.o)
                0x08005ff8                        __exidx_end = .
                0x08005ff8                        . = ALIGN (0x4)

.preinit_array  0x08005ff8        0x0
                0x08005ff8                        . = ALIGN (0x4)
                0x08005ff8                        PROVIDE (__preinit_array_start = .)
 *(.preinit_array*)
                0x08005ff8                        PROVIDE (__preinit_array_end = .)
                0x08005ff8                        . = ALIGN (0x4)

.init_array     0x08005ff8        0x4
                0x08005ff8                        . = ALIGN (0x4)
                0x08005ff8                        PROVIDE (__init_array_start = .)
 *(SORT_BY_NAME(.init_array.*))
 *(.init_array*)
 .init_array    0x08005ff8        0x4 C:/ST/STM32CubeIDE_1.19.0/STM32CubeIDE/plugins/com.st.stm32cube.ide.mcu.externaltools.gnu-tools-for-stm32.13.3.rel1.win32_1.0.0.202411081344/tools/bin/../lib/gcc/arm-none-eabi/13.3.1/thumb/v7e-m+fp/hard/crtbegin.o
                0x08005ffc                        PROVIDE (__init_array_end = .)
                0x08005ffc                        . = ALIGN (0x4)

.fini_array     0x08005ffc        0x4
                0x08005ffc                        . = ALIGN (0x4)
                [!provide]                        PROVIDE (__fini_array_start = .)
 *(SORT_BY_NAME(.fini_array.*))
 *(.fini_array*)
 .fini_array    0x08005ffc        0x4 C:/ST/STM32CubeIDE_1.19.0/STM32CubeIDE/plugins/com.st.stm32cube.ide.mcu.externaltools.gnu-tools-for-stm32.13.3.rel1.win32_1.0.0.202411081344/tools/bin/../lib/gcc/arm-none-eabi/13.3.1/thumb/v7e-m+fp/hard/crtbegin.o
                [!provide]                        PROVIDE (__fini_array_end = .)
                0x08006000                        . = ALIGN (0x4)
                0x08006000                        _sidata = LOADADDR (.data)

.rel.dyn        0x08006000        0x0
 .rel.iplt      0x08006000        0x0 C:/ST/STM32CubeIDE_1.19.0/STM32CubeIDE/plugins/com.st.stm32cube.ide.mcu.externaltools.gnu-tools-for-stm32.13.3.rel1.win32_1.0.0.202411081344/tools/bin/../lib/gcc/arm-none-eabi/13.3.1/thumb/v7e-m+fp/hard/crtbegin.o

.data           0x20000000       0x24 load address 0x08006000
                0x20000000                        . = ALIGN (0x4)
                0x20000000                        _sdata = .
 *(.data)
 *(.data*)
 .data.SystemCoreClock
                0x20000000        0x4 ./Core/Src/system_stm32f4xx.o
                0x20000000                SystemCoreClock
 .data.uwTickPrio
                0x20000004        0x4 ./Drivers/STM32F4xx_HAL_Driver/Src/stm32f4xx_hal.o
                0x20000004                uwTickPrio
 .data.uwTickFreq
                0x20000008        0x1 ./Drivers/STM32F4xx_HAL_Driver/Src/stm32f4xx_hal.o
                0x20000008                uwTickFreq
 *fill*         0x20000009        0x3 
 .data.USER_Driver
                0x2000000c       0x14 ./FATFS/Target/user_diskio.o
                0x2000000c                USER_Driver
 .data.Stat     0x20000020        0x1 ./FATFS/Target/user_diskio_spi.o
 *(.RamFunc)
 *(.RamFunc*)
                0x20000024                        . = ALIGN (0x4)
 *fill*         0x20000021        0x3 
                0x20000024                        _edata = .

.igot.plt       0x20000024        0x0 load address 0x08006024
 .igot.plt      0x20000024        0x0 C:/ST/STM32CubeIDE_1.19.0/STM32CubeIDE/plugins/com.st.stm32cube.ide.mcu.externaltools.gnu-tools-for-stm32.13.3.rel1.win32_1.0.0.202411081344/tools/bin/../lib/gcc/arm-none-eabi/13.3.1/thumb/v7e-m+fp/hard/crtbegin.o
                0x20000024                        . = ALIGN (0x4)

.bss            0x20000024      0x75c load address 0x08006024
                0x20000024                        _sbss = .
                0x20000024                        __bss_start__ = _sbss
 *(.bss)
 .bss           0x20000024       0x1c C:/ST/STM32CubeIDE_1.19.0/STM32CubeIDE/plugins/com.st.stm32cube.ide.mcu.externaltools.gnu-tools-for-stm32.13.3.rel1.win32_1.0.0.202411081344/tools/bin/../lib/gcc/arm-none-eabi/13.3.1/thumb/v7e-m+fp/hard/crtbegin.o
 *(.bss*)
 .bss.hadc1     0x20000040       0x48 ./Core/Src/main.o
                0x20000040                hadc1
 .bss.hcrc      0x20000088        0x8 ./Core/Src/main.o
                0x20000088                hcrc
 .bss.hspi2     0x20000090       0x58 ./Core/Src/main.o
                0x20000090                hspi2
 .bss.hspi3     0x200000e8       0x58 ./Core/Src/main.o
                0x200000e8                hspi3
 .bss.huart1    0x20000140       0x48 ./Core/Src/main.o
                0x20000140                huart1
 .bss.hpcd_USB_OTG_FS
                0x20000188      0x4e4 ./Core/Src/main.o
                0x20000188                hpcd_USB_OTG_FS
 .bss.g_packet  0x2000066c       0x3e ./Core/Src/main.o
                0x2000066c                g_packet
 *fill*         0x200006aa        0x2 
 .bss.dbg_pt_psi_0
                0x200006ac        0x4 ./Core/Src/main.o
                0x200006ac                dbg_pt_psi_0
 .bss.dbg_pt_psi_1
                0x200006b0        0x4 ./Core/Src/main.o
                0x200006b0                dbg_pt_psi_1
 .bss.dbg_pt_psi_2
                0x200006b4        0x4 ./Core/Src/main.o
                0x200006b4                dbg_pt_psi_2
 .bss.dbg_pt_psi_3
                0x200006b8        0x4 ./Core/Src/main.o
                0x200006b8                dbg_pt_psi_3
 .bss.dbg_pt_psi_4
                0x200006bc        0x4 ./Core/Src/main.o
                0x200006bc                dbg_pt_psi_4
 .bss.dbg_pt_psi_5
                0x200006c0        0x4 ./Core/Src/main.o
                0x200006c0                dbg_pt_psi_5
 .bss.dbg_pt_raw_0
                0x200006c4        0x2 ./Core/Src/main.o
                0x200006c4                dbg_pt_raw_0
 .bss.dbg_pt_raw_1
                0x200006c6        0x2 ./Core/Src/main.o
                0x200006c6                dbg_pt_raw_1
 .bss.dbg_pt_raw_2
                0x200006c8        0x2 ./Core/Src/main.o
                0x200006c8                dbg_pt_raw_2
 .bss.dbg_pt_raw_3
                0x200006ca        0x2 ./Core/Src/main.o
                0x200006ca                dbg_pt_raw_3
 .bss.dbg_pt_raw_4
                0x200006cc        0x2 ./Core/Src/main.o
                0x200006cc                dbg_pt_raw_4
 .bss.dbg_pt_raw_5
                0x200006ce        0x2 ./Core/Src/main.o
                0x200006ce                dbg_pt_raw_5
 .bss.dbg_loadcell_weight
                0x200006d0        0x4 ./Core/Src/main.o
                0x200006d0                dbg_loadcell_weight
 .bss.g_loadcell
                0x200006d4       0x18 ./Core/Src/main.o
                0x200006d4                g_loadcell
 .bss.g_tc1     0x200006ec       0x20 ./Core/Src/main.o
                0x200006ec                g_tc1
 .bss.g_tc2     0x2000070c       0x20 ./Core/Src/main.o
                0x2000070c                g_tc2
 .bss.dbg_tc1_temp
                0x2000072c        0x4 ./Core/Src/main.o
                0x2000072c                dbg_tc1_temp
 .bss.dbg_tc2_temp
                0x20000730        0x4 ./Core/Src/main.o
                0x20000730                dbg_tc2_temp
 .bss.g_hadc    0x20000734        0x4 ./Core/Src/pressure.o
 .bss.g_pt_raw  0x20000738        0xc ./Core/Src/pressure.o
                0x20000738                g_pt_raw
 .bss.g_pt_pressure
                0x20000744       0x18 ./Core/Src/pressure.o
                0x20000744                g_pt_pressure
 .bss.uwTick    0x2000075c        0x4 ./Drivers/STM32F4xx_HAL_Driver/Src/stm32f4xx_hal.o
                0x2000075c                uwTick
 .bss.retUSER   0x20000760        0x1 ./FATFS/App/fatfs.o
                0x20000760                retUSER
 *fill*         0x20000761        0x3 
 .bss.USERPath  0x20000764        0x4 ./FATFS/App/fatfs.o
                0x20000764                USERPath
 .bss.CardType  0x20000768        0x1 ./FATFS/Target/user_diskio_spi.o
 *fill*         0x20000769        0x3 
 .bss.spiTimerTickStart
                0x2000076c        0x4 ./FATFS/Target/user_diskio_spi.o
                0x2000076c                spiTimerTickStart
 .bss.spiTimerTickDelay
                0x20000770        0x4 ./FATFS/Target/user_diskio_spi.o
                0x20000770                spiTimerTickDelay
 .bss.disk      0x20000774        0xc ./Middlewares/Third_Party/FatFs/src/ff_gen_drv.o
                0x20000774                disk
 *(COMMON)
                0x20000780                        . = ALIGN (0x4)
                0x20000780                        _ebss = .
                0x20000780                        __bss_end__ = _ebss

._user_heap_stack
                0x20000780     0x4000 load address 0x08006024
                0x20000780                        . = ALIGN (0x8)
                [!provide]                        PROVIDE (end = .)
                0x20000780                        PROVIDE (_end = .)
                0x20002780                        . = (. + _Min_Heap_Size)
 *fill*         0x20000780     0x2000 
                0x20004780                        . = (. + _Min_Stack_Size)
 *fill*         0x20002780     0x2000 
                0x20004780                        . = ALIGN (0x8)

/DISCARD/
 libc.a(*)
 libm.a(*)
 libgcc.a(*)

.ARM.attributes
                0x00000000       0x30
 *(.ARM.attributes)
 .ARM.attributes
                0x00000000       0x22 C:/ST/STM32CubeIDE_1.19.0/STM32CubeIDE/plugins/com.st.stm32cube.ide.mcu.externaltools.gnu-tools-for-stm32.13.3.rel1.win32_1.0.0.202411081344/tools/bin/../lib/gcc/arm-none-eabi/13.3.1/thumb/v7e-m+fp/hard/crti.o
 .ARM.attributes
                0x00000022       0x34 C:/ST/STM32CubeIDE_1.19.0/STM32CubeIDE/plugins/com.st.stm32cube.ide.mcu.externaltools.gnu-tools-for-stm32.13.3.rel1.win32_1.0.0.202411081344/tools/bin/../lib/gcc/arm-none-eabi/13.3.1/thumb/v7e-m+fp/hard/crtbegin.o
 .ARM.attributes
                0x00000056       0x34 ./Core/Src/MAX31855.o
 .ARM.attributes
                0x0000008a       0x34 ./Core/Src/hx711.o
 .ARM.attributes
                0x000000be       0x34 ./Core/Src/main.o
 .ARM.attributes
                0x000000f2       0x34 ./Core/Src/pressure.o
 .ARM.attributes
                0x00000126       0x34 ./Core/Src/stm32f4xx_hal_msp.o
 .ARM.attributes
                0x0000015a       0x34 ./Core/Src/stm32f4xx_it.o
 .ARM.attributes
                0x0000018e       0x34 ./Core/Src/system_stm32f4xx.o
 .ARM.attributes
                0x000001c2       0x21 ./Core/Startup/startup_stm32f411retx.o
 .ARM.attributes
                0x000001e3       0x34 ./Drivers/STM32F4xx_HAL_Driver/Src/stm32f4xx_hal.o
 .ARM.attributes
                0x00000217       0x34 ./Drivers/STM32F4xx_HAL_Driver/Src/stm32f4xx_hal_adc.o
 .ARM.attributes
                0x0000024b       0x34 ./Drivers/STM32F4xx_HAL_Driver/Src/stm32f4xx_hal_cortex.o
 .ARM.attributes
                0x0000027f       0x34 ./Drivers/STM32F4xx_HAL_Driver/Src/stm32f4xx_hal_crc.o
 .ARM.attributes
                0x000002b3       0x34 ./Drivers/STM32F4xx_HAL_Driver/Src/stm32f4xx_hal_gpio.o
 .ARM.attributes
                0x000002e7       0x34 ./Drivers/STM32F4xx_HAL_Driver/Src/stm32f4xx_hal_pcd.o
 .ARM.attributes
                0x0000031b       0x34 ./Drivers/STM32F4xx_HAL_Driver/Src/stm32f4xx_hal_rcc.o
 .ARM.attributes
                0x0000034f       0x34 ./Drivers/STM32F4xx_HAL_Driver/Src/stm32f4xx_hal_spi.o
 .ARM.attributes
                0x00000383       0x34 ./Drivers/STM32F4xx_HAL_Driver/Src/stm32f4xx_hal_uart.o
 .ARM.attributes
                0x000003b7       0x34 ./Drivers/STM32F4xx_HAL_Driver/Src/stm32f4xx_ll_usb.o
 .ARM.attributes
                0x000003eb       0x34 ./FATFS/App/fatfs.o
 .ARM.attributes
                0x0000041f       0x34 ./FATFS/Target/user_diskio.o
 .ARM.attributes
                0x00000453       0x34 ./FATFS/Target/user_diskio_spi.o
 .ARM.attributes
                0x00000487       0x34 ./Middlewares/Third_Party/FatFs/src/ff_gen_drv.o
 .ARM.attributes
                0x000004bb       0x34 C:/ST/STM32CubeIDE_1.19.0/STM32CubeIDE/plugins/com.st.stm32cube.ide.mcu.externaltools.gnu-tools-for-stm32.13.3.rel1.win32_1.0.0.202411081344/tools/bin/../lib/gcc/arm-none-eabi/13.3.1/../../../../arm-none-eabi/lib/thumb/v7e-m+fp/hard\libc_nano.a(libc_a-memset.o)
 .ARM.attributes
                0x000004ef       0x34 C:/ST/STM32CubeIDE_1.19.0/STM32CubeIDE/plugins/com.st.stm32cube.ide.mcu.externaltools.gnu-tools-for-stm32.13.3.rel1.win32_1.0.0.202411081344/tools/bin/../lib/gcc/arm-none-eabi/13.3.1/../../../../arm-none-eabi/lib/thumb/v7e-m+fp/hard\libc_nano.a(libc_a-init.o)
 .ARM.attributes
                0x00000523       0x34 C:/ST/STM32CubeIDE_1.19.0/STM32CubeIDE/plugins/com.st.stm32cube.ide.mcu.externaltools.gnu-tools-for-stm32.13.3.rel1.win32_1.0.0.202411081344/tools/bin/../lib/gcc/arm-none-eabi/13.3.1/../../../../arm-none-eabi/lib/thumb/v7e-m+fp/hard\libc_nano.a(libc_a-memcpy-stub.o)
 .ARM.attributes
                0x00000557       0x22 C:/ST/STM32CubeIDE_1.19.0/STM32CubeIDE/plugins/com.st.stm32cube.ide.mcu.externaltools.gnu-tools-for-stm32.13.3.rel1.win32_1.0.0.202411081344/tools/bin/../lib/gcc/arm-none-eabi/13.3.1/thumb/v7e-m+fp/hard\libgcc.a(_arm_muldf3.o)
 .ARM.attributes
                0x00000579       0x22 C:/ST/STM32CubeIDE_1.19.0/STM32CubeIDE/plugins/com.st.stm32cube.ide.mcu.externaltools.gnu-tools-for-stm32.13.3.rel1.win32_1.0.0.202411081344/tools/bin/../lib/gcc/arm-none-eabi/13.3.1/thumb/v7e-m+fp/hard\libgcc.a(_arm_addsubdf3.o)
 .ARM.attributes
                0x0000059b       0x22 C:/ST/STM32CubeIDE_1.19.0/STM32CubeIDE/plugins/com.st.stm32cube.ide.mcu.externaltools.gnu-tools-for-stm32.13.3.rel1.win32_1.0.0.202411081344/tools/bin/../lib/gcc/arm-none-eabi/13.3.1/thumb/v7e-m+fp/hard\libgcc.a(_arm_truncdfsf2.o)
 .ARM.attributes
                0x000005bd       0x22 C:/ST/STM32CubeIDE_1.19.0/STM32CubeIDE/plugins/com.st.stm32cube.ide.mcu.externaltools.gnu-tools-for-stm32.13.3.rel1.win32_1.0.0.202411081344/tools/bin/../lib/gcc/arm-none-eabi/13.3.1/thumb/v7e-m+fp/hard\libgcc.a(_aeabi_ldivmod.o)
 .ARM.attributes
                0x000005df       0x22 C:/ST/STM32CubeIDE_1.19.0/STM32CubeIDE/plugins/com.st.stm32cube.ide.mcu.externaltools.gnu-tools-for-stm32.13.3.rel1.win32_1.0.0.202411081344/tools/bin/../lib/gcc/arm-none-eabi/13.3.1/thumb/v7e-m+fp/hard\libgcc.a(_aeabi_uldivmod.o)
 .ARM.attributes
                0x00000601       0x34 C:/ST/STM32CubeIDE_1.19.0/STM32CubeIDE/plugins/com.st.stm32cube.ide.mcu.externaltools.gnu-tools-for-stm32.13.3.rel1.win32_1.0.0.202411081344/tools/bin/../lib/gcc/arm-none-eabi/13.3.1/thumb/v7e-m+fp/hard\libgcc.a(_udivmoddi4.o)
 .ARM.attributes
                0x00000635       0x22 C:/ST/STM32CubeIDE_1.19.0/STM32CubeIDE/plugins/com.st.stm32cube.ide.mcu.externaltools.gnu-tools-for-stm32.13.3.rel1.win32_1.0.0.202411081344/tools/bin/../lib/gcc/arm-none-eabi/13.3.1/thumb/v7e-m+fp/hard\libgcc.a(_dvmd_tls.o)
 .ARM.attributes
                0x00000657       0x22 C:/ST/STM32CubeIDE_1.19.0/STM32CubeIDE/plugins/com.st.stm32cube.ide.mcu.externaltools.gnu-tools-for-stm32.13.3.rel1.win32_1.0.0.202411081344/tools/bin/../lib/gcc/arm-none-eabi/13.3.1/thumb/v7e-m+fp/hard/crtn.o
OUTPUT(Atlas_V2.elf elf32-littlearm)
LOAD linker stubs
LOAD C:/ST/STM32CubeIDE_1.19.0/STM32CubeIDE/plugins/com.st.stm32cube.ide.mcu.externaltools.gnu-tools-for-stm32.13.3.rel1.win32_1.0.0.202411081344/tools/bin/../lib/gcc/arm-none-eabi/13.3.1/../../../../arm-none-eabi/lib/thumb/v7e-m+fp/hard\libc.a
LOAD C:/ST/STM32CubeIDE_1.19.0/STM32CubeIDE/plugins/com.st.stm32cube.ide.mcu.externaltools.gnu-tools-for-stm32.13.3.rel1.win32_1.0.0.202411081344/tools/bin/../lib/gcc/arm-none-eabi/13.3.1/../../../../arm-none-eabi/lib/thumb/v7e-m+fp/hard\libm.a
LOAD C:/ST/STM32CubeIDE_1.19.0/STM32CubeIDE/plugins/com.st.stm32cube.ide.mcu.externaltools.gnu-tools-for-stm32.13.3.rel1.win32_1.0.0.202411081344/tools/bin/../lib/gcc/arm-none-eabi/13.3.1/thumb/v7e-m+fp/hard\libgcc.a

.debug_info     0x00000000    0x11813
 .debug_info    0x00000000      0x98d ./Core/Src/MAX31855.o
 .debug_info    0x0000098d      0x806 ./Core/Src/hx711.o
 .debug_info    0x00001193     0x1dd2 ./Core/Src/main.o
 .debug_info    0x00002f65      0x8f0 ./Core/Src/pressure.o
 .debug_info    0x00003855     0x1764 ./Core/Src/stm32f4xx_hal_msp.o
 .debug_info    0x00004fb9      0x112 ./Core/Src/stm32f4xx_it.o
 .debug_info    0x000050cb      0x53e ./Core/Src/system_stm32f4xx.o
 .debug_info    0x00005609       0x30 ./Core/Startup/startup_stm32f411retx.o
 .debug_info    0x00005639      0x8c4 ./Drivers/STM32F4xx_HAL_Driver/Src/stm32f4xx_hal.o
 .debug_info    0x00005efd      0xce0 ./Drivers/STM32F4xx_HAL_Driver/Src/stm32f4xx_hal_adc.o
 .debug_info    0x00006bdd      0xcfc ./Drivers/STM32F4xx_HAL_Driver/Src/stm32f4xx_hal_cortex.o
 .debug_info    0x000078d9      0x37d ./Drivers/STM32F4xx_HAL_Driver/Src/stm32f4xx_hal_crc.o
 .debug_info    0x00007c56      0x6f9 ./Drivers/STM32F4xx_HAL_Driver/Src/stm32f4xx_hal_gpio.o
 .debug_info    0x0000834f     0x1577 ./Drivers/STM32F4xx_HAL_Driver/Src/stm32f4xx_hal_pcd.o
 .debug_info    0x000098c6      0x904 ./Drivers/STM32F4xx_HAL_Driver/Src/stm32f4xx_hal_rcc.o
 .debug_info    0x0000a1ca     0x1530 ./Drivers/STM32F4xx_HAL_Driver/Src/stm32f4xx_hal_spi.o
 .debug_info    0x0000b6fa     0x2f56 ./Drivers/STM32F4xx_HAL_Driver/Src/stm32f4xx_hal_uart.o
 .debug_info    0x0000e650     0x1993 ./Drivers/STM32F4xx_HAL_Driver/Src/stm32f4xx_ll_usb.o
 .debug_info    0x0000ffe3      0x4d9 ./FATFS/App/fatfs.o
 .debug_info    0x000104bc      0x3aa ./FATFS/Target/user_diskio.o
 .debug_info    0x00010866      0xc2e ./FATFS/Target/user_diskio_spi.o
 .debug_info    0x00011494      0x37f ./Middlewares/Third_Party/FatFs/src/ff_gen_drv.o

.debug_abbrev   0x00000000     0x2d76
 .debug_abbrev  0x00000000      0x1e9 ./Core/Src/MAX31855.o
 .debug_abbrev  0x000001e9      0x241 ./Core/Src/hx711.o
 .debug_abbrev  0x0000042a      0x30a ./Core/Src/main.o
 .debug_abbrev  0x00000734      0x253 ./Core/Src/pressure.o
 .debug_abbrev  0x00000987      0x269 ./Core/Src/stm32f4xx_hal_msp.o
 .debug_abbrev  0x00000bf0       0x73 ./Core/Src/stm32f4xx_it.o
 .debug_abbrev  0x00000c63      0x11a ./Core/Src/system_stm32f4xx.o
 .debug_abbrev  0x00000d7d       0x24 ./Core/Startup/startup_stm32f411retx.o
 .debug_abbrev  0x00000da1      0x24b ./Drivers/STM32F4xx_HAL_Driver/Src/stm32f4xx_hal.o
 .debug_abbrev  0x00000fec      0x20e ./Drivers/STM32F4xx_HAL_Driver/Src/stm32f4xx_hal_adc.o
 .debug_abbrev  0x000011fa      0x31d ./Drivers/STM32F4xx_HAL_Driver/Src/stm32f4xx_hal_cortex.o
 .debug_abbrev  0x00001517      0x180 ./Drivers/STM32F4xx_HAL_Driver/Src/stm32f4xx_hal_crc.o
 .debug_abbrev  0x00001697      0x1d3 ./Drivers/STM32F4xx_HAL_Driver/Src/stm32f4xx_hal_gpio.o
 .debug_abbrev  0x0000186a      0x2b6 ./Drivers/STM32F4xx_HAL_Driver/Src/stm32f4xx_hal_pcd.o
 .debug_abbrev  0x00001b20      0x2b6 ./Drivers/STM32F4xx_HAL_Driver/Src/stm32f4xx_hal_rcc.o
 .debug_abbrev  0x00001dd6      0x276 ./Drivers/STM32F4xx_HAL_Driver/Src/stm32f4xx_hal_spi.o
 .debug_abbrev  0x0000204c      0x31b ./Drivers/STM32F4xx_HAL_Driver/Src/stm32f4xx_hal_uart.o
 .debug_abbrev  0x00002367      0x2b3 ./Drivers/STM32F4xx_HAL_Driver/Src/stm32f4xx_ll_usb.o
 .debug_abbrev  0x0000261a      0x160 ./FATFS/App/fatfs.o
 .debug_abbrev  0x0000277a      0x143 ./FATFS/Target/user_diskio.o
 .debug_abbrev  0x000028bd      0x31a ./FATFS/Target/user_diskio_spi.o
 .debug_abbrev  0x00002bd7      0x19f ./Middlewares/Third_Party/FatFs/src/ff_gen_drv.o

.debug_aranges  0x00000000      0xef8
 .debug_aranges
                0x00000000       0x58 ./Core/Src/MAX31855.o
 .debug_aranges
                0x00000058       0x90 ./Core/Src/hx711.o
 .debug_aranges
                0x000000e8       0x70 ./Core/Src/main.o
 .debug_aranges
                0x00000158       0x48 ./Core/Src/pressure.o
 .debug_aranges
                0x000001a0       0x70 ./Core/Src/stm32f4xx_hal_msp.o
 .debug_aranges
                0x00000210       0x60 ./Core/Src/stm32f4xx_it.o
 .debug_aranges
                0x00000270       0x28 ./Core/Src/system_stm32f4xx.o
 .debug_aranges
                0x00000298       0x28 ./Core/Startup/startup_stm32f411retx.o
 .debug_aranges
                0x000002c0       0xf0 ./Drivers/STM32F4xx_HAL_Driver/Src/stm32f4xx_hal.o
 .debug_aranges
                0x000003b0       0xe8 ./Drivers/STM32F4xx_HAL_Driver/Src/stm32f4xx_hal_adc.o
 .debug_aranges
                0x00000498      0x130 ./Drivers/STM32F4xx_HAL_Driver/Src/stm32f4xx_hal_cortex.o
 .debug_aranges
                0x000005c8       0x50 ./Drivers/STM32F4xx_HAL_Driver/Src/stm32f4xx_hal_crc.o
 .debug_aranges
                0x00000618       0x58 ./Drivers/STM32F4xx_HAL_Driver/Src/stm32f4xx_hal_gpio.o
 .debug_aranges
                0x00000670      0x148 ./Drivers/STM32F4xx_HAL_Driver/Src/stm32f4xx_hal_pcd.o
 .debug_aranges
                0x000007b8       0x88 ./Drivers/STM32F4xx_HAL_Driver/Src/stm32f4xx_hal_rcc.o
 .debug_aranges
                0x00000840      0x1d0 ./Drivers/STM32F4xx_HAL_Driver/Src/stm32f4xx_hal_spi.o
 .debug_aranges
                0x00000a10      0x208 ./Drivers/STM32F4xx_HAL_Driver/Src/stm32f4xx_hal_uart.o
 .debug_aranges
                0x00000c18      0x1a0 ./Drivers/STM32F4xx_HAL_Driver/Src/stm32f4xx_ll_usb.o
 .debug_aranges
                0x00000db8       0x28 ./FATFS/App/fatfs.o
 .debug_aranges
                0x00000de0       0x40 ./FATFS/Target/user_diskio.o
 .debug_aranges
                0x00000e20       0x98 ./FATFS/Target/user_diskio_spi.o
 .debug_aranges
                0x00000eb8       0x40 ./Middlewares/Third_Party/FatFs/src/ff_gen_drv.o

.debug_rnglists
                0x00000000      0xb6a
 .debug_rnglists
                0x00000000       0x3e ./Core/Src/MAX31855.o
 .debug_rnglists
                0x0000003e       0x6e ./Core/Src/hx711.o
 .debug_rnglists
                0x000000ac       0x54 ./Core/Src/main.o
 .debug_rnglists
                0x00000100       0x33 ./Core/Src/pressure.o
 .debug_rnglists
                0x00000133       0x53 ./Core/Src/stm32f4xx_hal_msp.o
 .debug_rnglists
                0x00000186       0x43 ./Core/Src/stm32f4xx_it.o
 .debug_rnglists
                0x000001c9       0x1a ./Core/Src/system_stm32f4xx.o
 .debug_rnglists
                0x000001e3       0x19 ./Core/Startup/startup_stm32f411retx.o
 .debug_rnglists
                0x000001fc       0xaf ./Drivers/STM32F4xx_HAL_Driver/Src/stm32f4xx_hal.o
 .debug_rnglists
                0x000002ab       0xb5 ./Drivers/STM32F4xx_HAL_Driver/Src/stm32f4xx_hal_adc.o
 .debug_rnglists
                0x00000360       0xe0 ./Drivers/STM32F4xx_HAL_Driver/Src/stm32f4xx_hal_cortex.o
 .debug_rnglists
                0x00000440       0x37 ./Drivers/STM32F4xx_HAL_Driver/Src/stm32f4xx_hal_crc.o
 .debug_rnglists
                0x00000477       0x3f ./Drivers/STM32F4xx_HAL_Driver/Src/stm32f4xx_hal_gpio.o
 .debug_rnglists
                0x000004b6       0xfa ./Drivers/STM32F4xx_HAL_Driver/Src/stm32f4xx_hal_pcd.o
 .debug_rnglists
                0x000005b0       0x66 ./Drivers/STM32F4xx_HAL_Driver/Src/stm32f4xx_hal_rcc.o
 .debug_rnglists
                0x00000616      0x16f ./Drivers/STM32F4xx_HAL_Driver/Src/stm32f4xx_hal_spi.o
 .debug_rnglists
                0x00000785      0x1bc ./Drivers/STM32F4xx_HAL_Driver/Src/stm32f4xx_hal_uart.o
 .debug_rnglists
                0x00000941      0x147 ./Drivers/STM32F4xx_HAL_Driver/Src/stm32f4xx_ll_usb.o
 .debug_rnglists
                0x00000a88       0x19 ./FATFS/App/fatfs.o
 .debug_rnglists
                0x00000aa1       0x2b ./FATFS/Target/user_diskio.o
 .debug_rnglists
                0x00000acc       0x72 ./FATFS/Target/user_diskio_spi.o
 .debug_rnglists
                0x00000b3e       0x2c ./Middlewares/Third_Party/FatFs/src/ff_gen_drv.o

.debug_macro    0x00000000    0x19332
 .debug_macro   0x00000000      0x233 ./Core/Src/MAX31855.o
 .debug_macro   0x00000233      0xad8 ./Core/Src/MAX31855.o
 .debug_macro   0x00000d0b      0x2ad ./Core/Src/MAX31855.o
 .debug_macro   0x00000fb8       0x2e ./Core/Src/MAX31855.o
 .debug_macro   0x00000fe6       0x28 ./Core/Src/MAX31855.o
 .debug_macro   0x0000100e       0x22 ./Core/Src/MAX31855.o
 .debug_macro   0x00001030       0x8e ./Core/Src/MAX31855.o
 .debug_macro   0x000010be       0x51 ./Core/Src/MAX31855.o
 .debug_macro   0x0000110f      0x103 ./Core/Src/MAX31855.o
 .debug_macro   0x00001212       0x6a ./Core/Src/MAX31855.o
 .debug_macro   0x0000127c      0x1df ./Core/Src/MAX31855.o
 .debug_macro   0x0000145b       0x1c ./Core/Src/MAX31855.o
 .debug_macro   0x00001477       0x22 ./Core/Src/MAX31855.o
 .debug_macro   0x00001499       0xfb ./Core/Src/MAX31855.o
 .debug_macro   0x00001594     0x1011 ./Core/Src/MAX31855.o
 .debug_macro   0x000025a5      0x11f ./Core/Src/MAX31855.o
 .debug_macro   0x000026c4     0xb968 ./Core/Src/MAX31855.o
 .debug_macro   0x0000e02c       0x6d ./Core/Src/MAX31855.o
 .debug_macro   0x0000e099     0x3693 ./Core/Src/MAX31855.o
 .debug_macro   0x0001172c      0x190 ./Core/Src/MAX31855.o
 .debug_macro   0x000118bc       0x5c ./Core/Src/MAX31855.o
 .debug_macro   0x00011918      0x45c ./Core/Src/MAX31855.o
 .debug_macro   0x00011d74      0x9e9 ./Core/Src/MAX31855.o
 .debug_macro   0x0001275d      0x115 ./Core/Src/MAX31855.o
 .debug_macro   0x00012872      0x11b ./Core/Src/MAX31855.o
 .debug_macro   0x0001298d       0xa5 ./Core/Src/MAX31855.o
 .debug_macro   0x00012a32      0x15f ./Core/Src/MAX31855.o
 .debug_macro   0x00012b91      0x287 ./Core/Src/MAX31855.o
 .debug_macro   0x00012e18       0x5f ./Core/Src/MAX31855.o
 .debug_macro   0x00012e77      0x236 ./Core/Src/MAX31855.o
 .debug_macro   0x000130ad      0x9e1 ./Core/Src/MAX31855.o
 .debug_macro   0x00013a8e      0x38b ./Core/Src/MAX31855.o
 .debug_macro   0x00013e19      0x17d ./Core/Src/MAX31855.o
 .debug_macro   0x00013f96       0xf9 ./Core/Src/MAX31855.o
 .debug_macro   0x0001408f       0x22 ./Core/Src/MAX31855.o
 .debug_macro   0x000140b1      0x132 ./Core/Src/MAX31855.o
 .debug_macro   0x000141e3      0x264 ./Core/Src/MAX31855.o
 .debug_macro   0x00014447       0x2e ./Core/Src/MAX31855.o
 .debug_macro   0x00014475      0x127 ./Core/Src/MAX31855.o
 .debug_macro   0x0001459c       0x85 ./Core/Src/MAX31855.o
 .debug_macro   0x00014621       0x89 ./Core/Src/MAX31855.o
 .debug_macro   0x000146aa      0x225 ./Core/Src/MAX31855.o
 .debug_macro   0x000148cf      0x2aa ./Core/Src/MAX31855.o
 .debug_macro   0x00014b79      0x293 ./Core/Src/MAX31855.o
 .debug_macro   0x00014e0c       0xba ./Core/Src/MAX31855.o
 .debug_macro   0x00014ec6      0x126 ./Core/Src/MAX31855.o
 .debug_macro   0x00014fec       0xee ./Core/Src/MAX31855.o
 .debug_macro   0x000150da      0x242 ./Core/Src/hx711.o
 .debug_macro   0x0001531c       0x16 ./Core/Src/hx711.o
 .debug_macro   0x00015332      0x3f1 ./Core/Src/main.o
 .debug_macro   0x00015723       0xeb ./Core/Src/main.o
 .debug_macro   0x0001580e       0x2a ./Core/Src/main.o
 .debug_macro   0x00015838       0x61 ./Core/Src/main.o
 .debug_macro   0x00015899       0x43 ./Core/Src/main.o
 .debug_macro   0x000158dc       0x34 ./Core/Src/main.o
 .debug_macro   0x00015910       0x16 ./Core/Src/main.o
 .debug_macro   0x00015926       0x3c ./Core/Src/main.o
 .debug_macro   0x00015962      0x370 ./Core/Src/main.o
 .debug_macro   0x00015cd2       0x16 ./Core/Src/main.o
 .debug_macro   0x00015ce8       0x4a ./Core/Src/main.o
 .debug_macro   0x00015d32       0x34 ./Core/Src/main.o
 .debug_macro   0x00015d66       0x10 ./Core/Src/main.o
 .debug_macro   0x00015d76       0x58 ./Core/Src/main.o
 .debug_macro   0x00015dce       0x8e ./Core/Src/main.o
 .debug_macro   0x00015e5c       0x1c ./Core/Src/main.o
 .debug_macro   0x00015e78      0x185 ./Core/Src/main.o
 .debug_macro   0x00015ffd       0x16 ./Core/Src/main.o
 .debug_macro   0x00016013       0x29 ./Core/Src/main.o
 .debug_macro   0x0001603c       0x12 ./Core/Src/main.o
 .debug_macro   0x0001604e       0xe2 ./Core/Src/main.o
 .debug_macro   0x00016130       0x8e ./Core/Src/main.o
 .debug_macro   0x000161be       0x10 ./Core/Src/main.o
 .debug_macro   0x000161ce       0x10 ./Core/Src/main.o
 .debug_macro   0x000161de       0x16 ./Core/Src/main.o
 .debug_macro   0x000161f4       0x20 ./Core/Src/main.o
 .debug_macro   0x00016214       0x58 ./Core/Src/main.o
 .debug_macro   0x0001626c       0x1c ./Core/Src/main.o
 .debug_macro   0x00016288       0x1c ./Core/Src/main.o
 .debug_macro   0x000162a4       0x16 ./Core/Src/main.o
 .debug_macro   0x000162ba      0x146 ./Core/Src/main.o
 .debug_macro   0x00016400      0x233 ./Core/Src/pressure.o
 .debug_macro   0x00016633       0xf4 ./Core/Src/pressure.o
 .debug_macro   0x00016727      0x229 ./Core/Src/stm32f4xx_hal_msp.o
 .debug_macro   0x00016950      0x233 ./Core/Src/stm32f4xx_it.o
 .debug_macro   0x00016b83      0x22c ./Core/Src/system_stm32f4xx.o
 .debug_macro   0x00016daf      0x27a ./Drivers/STM32F4xx_HAL_Driver/Src/stm32f4xx_hal.o
 .debug_macro   0x00017029      0x21b ./Drivers/STM32F4xx_HAL_Driver/Src/stm32f4xx_hal_adc.o
 .debug_macro   0x00017244      0x21a ./Drivers/STM32F4xx_HAL_Driver/Src/stm32f4xx_hal_cortex.o
 .debug_macro   0x0001745e      0x21a ./Drivers/STM32F4xx_HAL_Driver/Src/stm32f4xx_hal_crc.o
 .debug_macro   0x00017678      0x220 ./Drivers/STM32F4xx_HAL_Driver/Src/stm32f4xx_hal_gpio.o
 .debug_macro   0x00017898      0x226 ./Drivers/STM32F4xx_HAL_Driver/Src/stm32f4xx_hal_pcd.o
 .debug_macro   0x00017abe      0x23e ./Drivers/STM32F4xx_HAL_Driver/Src/stm32f4xx_hal_rcc.o
 .debug_macro   0x00017cfc      0x229 ./Drivers/STM32F4xx_HAL_Driver/Src/stm32f4xx_hal_spi.o
 .debug_macro   0x00017f25      0x21b ./Drivers/STM32F4xx_HAL_Driver/Src/stm32f4xx_hal_uart.o
 .debug_macro   0x00018140      0x21a ./Drivers/STM32F4xx_HAL_Driver/Src/stm32f4xx_ll_usb.o
 .debug_macro   0x0001835a      0x34e ./FATFS/App/fatfs.o
 .debug_macro   0x000186a8       0xe5 ./FATFS/App/fatfs.o
 .debug_macro   0x0001878d      0x37d ./FATFS/Target/user_diskio.o
 .debug_macro   0x00018b0a       0x10 ./FATFS/Target/user_diskio.o
 .debug_macro   0x00018b1a       0x16 ./FATFS/Target/user_diskio.o
 .debug_macro   0x00018b30       0x7c ./FATFS/Target/user_diskio.o
 .debug_macro   0x00018bac       0x56 ./FATFS/Target/user_diskio.o
 .debug_macro   0x00018c02      0x3f5 ./FATFS/Target/user_diskio_spi.o
 .debug_macro   0x00018ff7      0x33b ./Middlewares/Third_Party/FatFs/src/ff_gen_drv.o

.debug_line     0x00000000    0x1399b
 .debug_line    0x00000000      0x95f ./Core/Src/MAX31855.o
 .debug_line    0x0000095f      0xb64 ./Core/Src/hx711.o
 .debug_line    0x000014c3      0xdd6 ./Core/Src/main.o
 .debug_line    0x00002299      0x8d7 ./Core/Src/pressure.o
 .debug_line    0x00002b70      0x97d ./Core/Src/stm32f4xx_hal_msp.o
 .debug_line    0x000034ed      0x880 ./Core/Src/stm32f4xx_it.o
 .debug_line    0x00003d6d      0x84d ./Core/Src/system_stm32f4xx.o
 .debug_line    0x000045ba       0x7c ./Core/Startup/startup_stm32f411retx.o
 .debug_line    0x00004636      0xac3 ./Drivers/STM32F4xx_HAL_Driver/Src/stm32f4xx_hal.o
 .debug_line    0x000050f9     0x121a ./Drivers/STM32F4xx_HAL_Driver/Src/stm32f4xx_hal_adc.o
 .debug_line    0x00006313      0xd93 ./Drivers/STM32F4xx_HAL_Driver/Src/stm32f4xx_hal_cortex.o
 .debug_line    0x000070a6      0x8f8 ./Drivers/STM32F4xx_HAL_Driver/Src/stm32f4xx_hal_crc.o
 .debug_line    0x0000799e      0xbdf ./Drivers/STM32F4xx_HAL_Driver/Src/stm32f4xx_hal_gpio.o
 .debug_line    0x0000857d     0x150e ./Drivers/STM32F4xx_HAL_Driver/Src/stm32f4xx_hal_pcd.o
 .debug_line    0x00009a8b      0xed0 ./Drivers/STM32F4xx_HAL_Driver/Src/stm32f4xx_hal_rcc.o
 .debug_line    0x0000a95b     0x1d5e ./Drivers/STM32F4xx_HAL_Driver/Src/stm32f4xx_hal_spi.o
 .debug_line    0x0000c6b9     0x260b ./Drivers/STM32F4xx_HAL_Driver/Src/stm32f4xx_hal_uart.o
 .debug_line    0x0000ecc4     0x1d9b ./Drivers/STM32F4xx_HAL_Driver/Src/stm32f4xx_ll_usb.o
 .debug_line    0x00010a5f      0x9c4 ./FATFS/App/fatfs.o
 .debug_line    0x00011423      0xa2b ./FATFS/Target/user_diskio.o
 .debug_line    0x00011e4e     0x1100 ./FATFS/Target/user_diskio_spi.o
 .debug_line    0x00012f4e      0xa4d ./Middlewares/Third_Party/FatFs/src/ff_gen_drv.o

.debug_str      0x00000000    0x97016
 .debug_str     0x00000000    0x97016 ./Core/Src/MAX31855.o
                              0x8ec16 (size before relaxing)
 .debug_str     0x00097016    0x8e919 ./Core/Src/hx711.o
 .debug_str     0x00097016    0x93a81 ./Core/Src/main.o
 .debug_str     0x00097016    0x8eb36 ./Core/Src/pressure.o
 .debug_str     0x00097016    0x8f731 ./Core/Src/stm32f4xx_hal_msp.o
 .debug_str     0x00097016    0x8e614 ./Core/Src/stm32f4xx_it.o
 .debug_str     0x00097016    0x8e3e1 ./Core/Src/system_stm32f4xx.o
 .debug_str     0x00097016       0x80 ./Core/Startup/startup_stm32f411retx.o
 .debug_str     0x00097016    0x8edc1 ./Drivers/STM32F4xx_HAL_Driver/Src/stm32f4xx_hal.o
 .debug_str     0x00097016    0x8e970 ./Drivers/STM32F4xx_HAL_Driver/Src/stm32f4xx_hal_adc.o
 .debug_str     0x00097016    0x8eb2b ./Drivers/STM32F4xx_HAL_Driver/Src/stm32f4xx_hal_cortex.o
 .debug_str     0x00097016    0x8e3b1 ./Drivers/STM32F4xx_HAL_Driver/Src/stm32f4xx_hal_crc.o
 .debug_str     0x00097016    0x8e510 ./Drivers/STM32F4xx_HAL_Driver/Src/stm32f4xx_hal_gpio.o
 .debug_str     0x00097016    0x8ee61 ./Drivers/STM32F4xx_HAL_Driver/Src/stm32f4xx_hal_pcd.o
 .debug_str     0x00097016    0x8e7c9 ./Drivers/STM32F4xx_HAL_Driver/Src/stm32f4xx_hal_rcc.o
 .debug_str     0x00097016    0x8ec41 ./Drivers/STM32F4xx_HAL_Driver/Src/stm32f4xx_hal_spi.o
 .debug_str     0x00097016    0x8ed98 ./Drivers/STM32F4xx_HAL_Driver/Src/stm32f4xx_hal_uart.o
 .debug_str     0x00097016    0x8ed3c ./Drivers/STM32F4xx_HAL_Driver/Src/stm32f4xx_ll_usb.o
 .debug_str     0x00097016    0x91fcf ./FATFS/App/fatfs.o
 .debug_str     0x00097016    0x91fb1 ./FATFS/Target/user_diskio.o
 .debug_str     0x00097016    0x927a8 ./FATFS/Target/user_diskio_spi.o
 .debug_str     0x00097016    0x91f2f ./Middlewares/Third_Party/FatFs/src/ff_gen_drv.o

.comment        0x00000000       0x43
 .comment       0x00000000       0x43 ./Core/Src/MAX31855.o
                                 0x44 (size before relaxing)
 .comment       0x00000043       0x44 ./Core/Src/hx711.o
 .comment       0x00000043       0x44 ./Core/Src/main.o
 .comment       0x00000043       0x44 ./Core/Src/pressure.o
 .comment       0x00000043       0x44 ./Core/Src/stm32f4xx_hal_msp.o
 .comment       0x00000043       0x44 ./Core/Src/stm32f4xx_it.o
 .comment       0x00000043       0x44 ./Core/Src/system_stm32f4xx.o
 .comment       0x00000043       0x44 ./Drivers/STM32F4xx_HAL_Driver/Src/stm32f4xx_hal.o
 .comment       0x00000043       0x44 ./Drivers/STM32F4xx_HAL_Driver/Src/stm32f4xx_hal_adc.o
 .comment       0x00000043       0x44 ./Drivers/STM32F4xx_HAL_Driver/Src/stm32f4xx_hal_cortex.o
 .comment       0x00000043       0x44 ./Drivers/STM32F4xx_HAL_Driver/Src/stm32f4xx_hal_crc.o
 .comment       0x00000043       0x44 ./Drivers/STM32F4xx_HAL_Driver/Src/stm32f4xx_hal_gpio.o
 .comment       0x00000043       0x44 ./Drivers/STM32F4xx_HAL_Driver/Src/stm32f4xx_hal_pcd.o
 .comment       0x00000043       0x44 ./Drivers/STM32F4xx_HAL_Driver/Src/stm32f4xx_hal_rcc.o
 .comment       0x00000043       0x44 ./Drivers/STM32F4xx_HAL_Driver/Src/stm32f4xx_hal_spi.o
 .comment       0x00000043       0x44 ./Drivers/STM32F4xx_HAL_Driver/Src/stm32f4xx_hal_uart.o
 .comment       0x00000043       0x44 ./Drivers/STM32F4xx_HAL_Driver/Src/stm32f4xx_ll_usb.o
 .comment       0x00000043       0x44 ./FATFS/App/fatfs.o
 .comment       0x00000043       0x44 ./FATFS/Target/user_diskio.o
 .comment       0x00000043       0x44 ./FATFS/Target/user_diskio_spi.o
 .comment       0x00000043       0x44 ./Middlewares/Third_Party/FatFs/src/ff_gen_drv.o

.debug_frame    0x00000000     0x3efc
 .debug_frame   0x00000000      0x134 ./Core/Src/MAX31855.o
 .debug_frame   0x00000134      0x260 ./Core/Src/hx711.o
 .debug_frame   0x00000394      0x170 ./Core/Src/main.o
 .debug_frame   0x00000504       0xf4 ./Core/Src/pressure.o
 .debug_frame   0x000005f8      0x1a4 ./Core/Src/stm32f4xx_hal_msp.o
 .debug_frame   0x0000079c      0x104 ./Core/Src/stm32f4xx_it.o
 .debug_frame   0x000008a0       0x58 ./Core/Src/system_stm32f4xx.o
 .debug_frame   0x000008f8      0x374 ./Drivers/STM32F4xx_HAL_Driver/Src/stm32f4xx_hal.o
 .debug_frame   0x00000c6c      0x3fc ./Drivers/STM32F4xx_HAL_Driver/Src/stm32f4xx_hal_adc.o
 .debug_frame   0x00001068      0x508 ./Drivers/STM32F4xx_HAL_Driver/Src/stm32f4xx_hal_cortex.o
 .debug_frame   0x00001570      0x120 ./Drivers/STM32F4xx_HAL_Driver/Src/stm32f4xx_hal_crc.o
 .debug_frame   0x00001690      0x14c ./Drivers/STM32F4xx_HAL_Driver/Src/stm32f4xx_hal_gpio.o
 .debug_frame   0x000017dc      0x5b8 ./Drivers/STM32F4xx_HAL_Driver/Src/stm32f4xx_hal_pcd.o
 .debug_frame   0x00001d94      0x1f4 ./Drivers/STM32F4xx_HAL_Driver/Src/stm32f4xx_hal_rcc.o
 .debug_frame   0x00001f88      0x828 ./Drivers/STM32F4xx_HAL_Driver/Src/stm32f4xx_hal_spi.o
 .debug_frame   0x000027b0      0x954 ./Drivers/STM32F4xx_HAL_Driver/Src/stm32f4xx_hal_uart.o
 .debug_frame   0x00003104      0x7c0 ./Drivers/STM32F4xx_HAL_Driver/Src/stm32f4xx_ll_usb.o
 .debug_frame   0x000038c4       0x4c ./FATFS/App/fatfs.o
 .debug_frame   0x00003910       0xc4 ./FATFS/Target/user_diskio.o
 .debug_frame   0x000039d4      0x248 ./FATFS/Target/user_diskio_spi.o
 .debug_frame   0x00003c1c       0xc8 ./Middlewares/Third_Party/FatFs/src/ff_gen_drv.o
 .debug_frame   0x00003ce4       0x20 C:/ST/STM32CubeIDE_1.19.0/STM32CubeIDE/plugins/com.st.stm32cube.ide.mcu.externaltools.gnu-tools-for-stm32.13.3.rel1.win32_1.0.0.202411081344/tools/bin/../lib/gcc/arm-none-eabi/13.3.1/../../../../arm-none-eabi/lib/thumb/v7e-m+fp/hard\libc_nano.a(libc_a-memset.o)
 .debug_frame   0x00003d04       0x2c C:/ST/STM32CubeIDE_1.19.0/STM32CubeIDE/plugins/com.st.stm32cube.ide.mcu.externaltools.gnu-tools-for-stm32.13.3.rel1.win32_1.0.0.202411081344/tools/bin/../lib/gcc/arm-none-eabi/13.3.1/../../../../arm-none-eabi/lib/thumb/v7e-m+fp/hard\libc_nano.a(libc_a-init.o)
 .debug_frame   0x00003d30       0x28 C:/ST/STM32CubeIDE_1.19.0/STM32CubeIDE/plugins/com.st.stm32cube.ide.mcu.externaltools.gnu-tools-for-stm32.13.3.rel1.win32_1.0.0.202411081344/tools/bin/../lib/gcc/arm-none-eabi/13.3.1/../../../../arm-none-eabi/lib/thumb/v7e-m+fp/hard\libc_nano.a(libc_a-memcpy-stub.o)
 .debug_frame   0x00003d58       0x30 C:/ST/STM32CubeIDE_1.19.0/STM32CubeIDE/plugins/com.st.stm32cube.ide.mcu.externaltools.gnu-tools-for-stm32.13.3.rel1.win32_1.0.0.202411081344/tools/bin/../lib/gcc/arm-none-eabi/13.3.1/thumb/v7e-m+fp/hard\libgcc.a(_arm_muldf3.o)
 .debug_frame   0x00003d88       0xac C:/ST/STM32CubeIDE_1.19.0/STM32CubeIDE/plugins/com.st.stm32cube.ide.mcu.externaltools.gnu-tools-for-stm32.13.3.rel1.win32_1.0.0.202411081344/tools/bin/../lib/gcc/arm-none-eabi/13.3.1/thumb/v7e-m+fp/hard\libgcc.a(_arm_addsubdf3.o)
 .debug_frame   0x00003e34       0x24 C:/ST/STM32CubeIDE_1.19.0/STM32CubeIDE/plugins/com.st.stm32cube.ide.mcu.externaltools.gnu-tools-for-stm32.13.3.rel1.win32_1.0.0.202411081344/tools/bin/../lib/gcc/arm-none-eabi/13.3.1/thumb/v7e-m+fp/hard\libgcc.a(_arm_truncdfsf2.o)
 .debug_frame   0x00003e58       0x44 C:/ST/STM32CubeIDE_1.19.0/STM32CubeIDE/plugins/com.st.stm32cube.ide.mcu.externaltools.gnu-tools-for-stm32.13.3.rel1.win32_1.0.0.202411081344/tools/bin/../lib/gcc/arm-none-eabi/13.3.1/thumb/v7e-m+fp/hard\libgcc.a(_aeabi_ldivmod.o)
 .debug_frame   0x00003e9c       0x2c C:/ST/STM32CubeIDE_1.19.0/STM32CubeIDE/plugins/com.st.stm32cube.ide.mcu.externaltools.gnu-tools-for-stm32.13.3.rel1.win32_1.0.0.202411081344/tools/bin/../lib/gcc/arm-none-eabi/13.3.1/thumb/v7e-m+fp/hard\libgcc.a(_aeabi_uldivmod.o)
 .debug_frame   0x00003ec8       0x34 C:/ST/STM32CubeIDE_1.19.0/STM32CubeIDE/plugins/com.st.stm32cube.ide.mcu.externaltools.gnu-tools-for-stm32.13.3.rel1.win32_1.0.0.202411081344/tools/bin/../lib/gcc/arm-none-eabi/13.3.1/thumb/v7e-m+fp/hard\libgcc.a(_udivmoddi4.o)

.debug_line_str
                0x00000000       0x64
 .debug_line_str
                0x00000000       0x64 ./Core/Startup/startup_stm32f411retx.o
