../Core/Src/main.c:82:5:main	8	static
../Core/Src/main.c:146:6:SystemClock_Config	88	static
../Core/Src/main.c:188:13:MX_ADC1_Init	24	static
../Core/Src/main.c:237:13:MX_SPI2_Init	8	static
../Core/Src/main.c:271:13:MX_SPI3_Init	8	static
../Core/Src/main.c:306:13:MX_GPIO_Init	48	static
../Core/Src/main.c:385:20:PT_SetMux	16	static
../Core/Src/main.c:391:20:PT_SettleDelay	16	static,ignoring_inline_asm
../Core/Src/main.c:395:17:PT_ReadADC	16	static
../Core/Src/main.c:403:13:PT_ScanAll	24	static
../Core/Src/main.c:419:6:Error_Handler	4	static,ignoring_inline_asm
