../Core/Src/main.c:142:5:main	16	static
../Core/Src/main.c:291:6:SystemClock_Config	88	static
../Core/Src/main.c:337:13:MX_ADC1_Init	24	static
../Core/Src/main.c:389:13:MX_CRC_Init	8	static
../Core/Src/main.c:415:13:MX_SPI2_Init	8	static
../Core/Src/main.c:450:13:MX_SPI3_Init	8	static
../Core/Src/main.c:486:13:MX_USART1_UART_Init	8	static
../Core/Src/main.c:519:13:MX_USB_OTG_FS_PCD_Init	8	static
../Core/Src/main.c:554:13:MX_GPIO_Init	48	static
../Core/Src/main.c:634:10:calculate_checksum	56	dynamic
../Core/Src/main.c:655:6:Error_Handler	4	static,ignoring_inline_asm
